Component: ARM Compiler 5.06 update 5 (build 528) Tool: armlink [4d35e2]

==============================================================================

Section Cross References

    startup_stm32f10x_md.o(RESET) refers to startup_stm32f10x_md.o(STACK) for __initial_sp
    startup_stm32f10x_md.o(RESET) refers to startup_stm32f10x_md.o(.text) for Reset_Handler
    startup_stm32f10x_md.o(RESET) refers to stm32f10x_it.o(.text) for NMI_Handler
    startup_stm32f10x_md.o(RESET) refers to main.o(.text) for TIM4_IRQHandler
    startup_stm32f10x_md.o(.text) refers to system_stm32f10x.o(.text) for SystemInit
    startup_stm32f10x_md.o(.text) refers to entry.o(.ARM.Collect$$$$00000000) for __main
    system_stm32f10x.o(.text) refers to system_stm32f10x.o(.data) for .data
    stm32f10x_adc.o(.text) refers to stm32f10x_rcc.o(.text) for RCC_APB2PeriphResetCmd
    stm32f10x_bkp.o(.text) refers to stm32f10x_rcc.o(.text) for RCC_BackupResetCmd
    stm32f10x_can.o(.text) refers to stm32f10x_rcc.o(.text) for RCC_APB1PeriphResetCmd
    stm32f10x_cec.o(.text) refers to stm32f10x_rcc.o(.text) for RCC_APB1PeriphResetCmd
    stm32f10x_dac.o(.text) refers to stm32f10x_rcc.o(.text) for RCC_APB1PeriphResetCmd
    stm32f10x_gpio.o(.text) refers to stm32f10x_rcc.o(.text) for RCC_APB2PeriphResetCmd
    stm32f10x_i2c.o(.text) refers to stm32f10x_rcc.o(.text) for RCC_APB1PeriphResetCmd
    stm32f10x_pwr.o(.text) refers to stm32f10x_rcc.o(.text) for RCC_APB1PeriphResetCmd
    stm32f10x_rcc.o(.text) refers to stm32f10x_rcc.o(.data) for .data
    stm32f10x_spi.o(.text) refers to stm32f10x_rcc.o(.text) for RCC_APB2PeriphResetCmd
    stm32f10x_tim.o(.text) refers to stm32f10x_rcc.o(.text) for RCC_APB2PeriphResetCmd
    stm32f10x_usart.o(.text) refers to stm32f10x_rcc.o(.text) for RCC_APB2PeriphResetCmd
    stm32f10x_wwdg.o(.text) refers to stm32f10x_rcc.o(.text) for RCC_APB1PeriphResetCmd
    timer.o(.text) refers to stm32f10x_rcc.o(.text) for RCC_APB1PeriphClockCmd
    timer.o(.text) refers to stm32f10x_tim.o(.text) for TIM_InternalClockConfig
    timer.o(.text) refers to misc.o(.text) for NVIC_PriorityGroupConfig
    mpu6050.o(.text) refers to stm32f10x_i2c.o(.text) for I2C_CheckEvent
    mpu6050.o(.text) refers to stm32f10x_rcc.o(.text) for RCC_APB1PeriphClockCmd
    mpu6050.o(.text) refers to stm32f10x_gpio.o(.text) for GPIO_Init
    mpu_data_process.o(.text) refers to mpu6050.o(.text) for MPU6050_GetData
    mpu_data_process.o(.text) refers to dflti.o(.text) for __aeabi_i2d
    mpu_data_process.o(.text) refers to dscalb.o(.text) for __ARM_scalbn
    mpu_data_process.o(.text) refers to d2f.o(.text) for __aeabi_d2f
    mpu_data_process.o(.text) refers to ddiv.o(.text) for __aeabi_ddiv
    mpu_data_process.o(.text) refers to fmul.o(.text) for __aeabi_fmul
    mpu_data_process.o(.text) refers to fadd.o(.text) for __aeabi_fadd
    mpu_data_process.o(.text) refers to f2d.o(.text) for __aeabi_f2d
    mpu_data_process.o(.text) refers to sqrt.o(i.sqrt) for sqrt
    mpu_data_process.o(.text) refers to atan2.o(i.atan2) for atan2
    mpu_data_process.o(.text) refers to mpu_data_process.o(.bss) for .bss
    motor.o(.text) refers to stm32f10x_rcc.o(.text) for RCC_APB2PeriphClockCmd
    motor.o(.text) refers to stm32f10x_gpio.o(.text) for GPIO_Init
    motor.o(.text) refers to pwm.o(.text) for TIM1_PWM_Init
    encoder.o(.text) refers to stm32f10x_rcc.o(.text) for RCC_APB1PeriphClockCmd
    encoder.o(.text) refers to stm32f10x_gpio.o(.text) for GPIO_Init
    encoder.o(.text) refers to stm32f10x_tim.o(.text) for TIM_TimeBaseInit
    pwm.o(.text) refers to stm32f10x_rcc.o(.text) for RCC_APB2PeriphClockCmd
    pwm.o(.text) refers to stm32f10x_gpio.o(.text) for GPIO_Init
    pwm.o(.text) refers to stm32f10x_tim.o(.text) for TIM_TimeBaseInit
    ad.o(.text) refers to stm32f10x_rcc.o(.text) for RCC_APB2PeriphClockCmd
    ad.o(.text) refers to stm32f10x_gpio.o(.text) for GPIO_Init
    ad.o(.text) refers to stm32f10x_adc.o(.text) for ADC_Init
    oled.o(.text) refers to stm32f10x_gpio.o(.text) for GPIO_WriteBit
    oled.o(.text) refers to stm32f10x_rcc.o(.text) for RCC_APB2PeriphClockCmd
    oled.o(.text) refers to dflti.o(.text) for __aeabi_i2d
    oled.o(.text) refers to atan2.o(i.atan2) for atan2
    oled.o(.text) refers to ddiv.o(.text) for __aeabi_ddiv
    oled.o(.text) refers to dmul.o(.text) for __aeabi_dmul
    oled.o(.text) refers to dfixi.o(.text) for __aeabi_d2iz
    oled.o(.text) refers to oled.o(.bss) for .bss
    oled.o(.text) refers to cdrcmple.o(.text) for __aeabi_cdrcmple
    oled.o(.text) refers to dfixui.o(.text) for __aeabi_d2uiz
    oled.o(.text) refers to dfltui.o(.text) for __aeabi_ui2d
    oled.o(.text) refers to dadd.o(.text) for __aeabi_drsub
    oled.o(.text) refers to strcmp.o(.text) for strcmp
    oled.o(.text) refers to printfa.o(i.__0vsprintf) for vsprintf
    oled.o(.text) refers to oled_data.o(.constdata) for OLED_F6x8
    oled.o(.text) refers to oled_data.o(.constdata) for OLED_F8x16
[...]
    sqrt.o(i.__softfp_sqrt) refers (Special) to iusefp.o(.text) for __I$use$fp
    sqrt.o(i.__softfp_sqrt) refers to dsqrt.o(.text) for _dsqrt
    sqrt.o(i.__softfp_sqrt) refers to errno.o(i.__set_errno) for __set_errno
    sqrt.o(i.sqrt) refers (Special) to iusefp.o(.text) for __I$use$fp
    sqrt.o(i.sqrt) refers to dsqrt.o(.text) for _dsqrt
    sqrt.o(i.sqrt) refers to errno.o(i.__set_errno) for __set_errno
    sqrt_x.o(i.____softfp_sqrt$lsc) refers (Special) to iusefp.o(.text) for __I$use$fp
    sqrt_x.o(i.____softfp_sqrt$lsc) refers to cdcmple.o(.text) for __aeabi_cdcmple
    sqrt_x.o(i.____softfp_sqrt$lsc) refers to errno.o(i.__set_errno) for __set_errno
    sqrt_x.o(i.____softfp_sqrt$lsc) refers to dsqrt.o(.text) for _dsqrt
    sqrt_x.o(i.__sqrt$lsc) refers (Special) to iusefp.o(.text) for __I$use$fp
    sqrt_x.o(i.__sqrt$lsc) refers to cdcmple.o(.text) for __aeabi_cdcmple
    sqrt_x.o(i.__sqrt$lsc) refers to errno.o(i.__set_errno) for __set_errno
    sqrt_x.o(i.__sqrt$lsc) refers to dsqrt.o(.text) for _dsqrt
    entry.o(.ARM.Collect$$$$00000000) refers (Special) to entry10a.o(.ARM.Collect$$$$0000000D) for __rt_final_cpp
    entry.o(.ARM.Collect$$$$00000000) refers (Special) to entry11a.o(.ARM.Collect$$$$0000000F) for __rt_final_exit
    entry.o(.ARM.Collect$$$$00000000) refers (Special) to entry7b.o(.ARM.Collect$$$$00000008) for _main_clock
    entry.o(.ARM.Collect$$$$00000000) refers (Special) to entry8b.o(.ARM.Collect$$$$0000000A) for _main_cpp_init
    entry.o(.ARM.Collect$$$$00000000) refers (Special) to entry9a.o(.ARM.Collect$$$$0000000B) for _main_init
    entry.o(.ARM.Collect$$$$00000000) refers (Special) to entry5.o(.ARM.Collect$$$$00000004) for _main_scatterload
    entry.o(.ARM.Collect$$$$00000000) refers (Special) to entry2.o(.ARM.Collect$$$$00000001) for _main_stk
    printfa.o(i.__0fprintf) refers (Special) to iusefp.o(.text) for __I$use$fp
    printfa.o(i.__0fprintf) refers to printfa.o(i._printf_core) for _printf_core
    printfa.o(i.__0fprintf) refers to serial.o(.text) for fputc
    printfa.o(i.__0printf) refers (Special) to iusefp.o(.text) for __I$use$fp
    printfa.o(i.__0printf) refers to printfa.o(i._printf_core) for _printf_core
    printfa.o(i.__0printf) refers to serial.o(.text) for fputc
    printfa.o(i.__0printf) refers to stdout.o(.data) for __stdout
    printfa.o(i.__0snprintf) refers (Special) to iusefp.o(.text) for __I$use$fp
    printfa.o(i.__0snprintf) refers to printfa.o(i._printf_core) for _printf_core
    printfa.o(i.__0snprintf) refers to printfa.o(i._snputc) for _snputc
    printfa.o(i.__0sprintf) refers (Special) to iusefp.o(.text) for __I$use$fp
    printfa.o(i.__0sprintf) refers to printfa.o(i._printf_core) for _printf_core
    printfa.o(i.__0sprintf) refers to printfa.o(i._sputc) for _sputc
    printfa.o(i.__0vfprintf) refers (Special) to iusefp.o(.text) for __I$use$fp
    printfa.o(i.__0vfprintf) refers to printfa.o(i._printf_core) for _printf_core
    printfa.o(i.__0vfprintf) refers to serial.o(.text) for fputc
    printfa.o(i.__0vprintf) refers (Special) to iusefp.o(.text) for __I$use$fp
    printfa.o(i.__0vprintf) refers to printfa.o(i._printf_core) for _printf_core
    printfa.o(i.__0vprintf) refers to serial.o(.text) for fputc
    printfa.o(i.__0vprintf) refers to stdout.o(.data) for __stdout
    printfa.o(i.__0vsnprintf) refers (Special) to iusefp.o(.text) for __I$use$fp
    printfa.o(i.__0vsnprintf) refers to printfa.o(i._printf_core) for _printf_core
    printfa.o(i.__0vsnprintf) refers to printfa.o(i._snputc) for _snputc
    printfa.o(i.__0vsprintf) refers (Special) to iusefp.o(.text) for __I$use$fp
    printfa.o(i.__0vsprintf) refers to printfa.o(i._printf_core) for _printf_core
    printfa.o(i.__0vsprintf) refers to printfa.o(i._sputc) for _sputc
    printfa.o(i._fp_digits) refers (Special) to iusefp.o(.text) for __I$use$fp
    printfa.o(i._fp_digits) refers to dmul.o(.text) for __aeabi_dmul
    printfa.o(i._fp_digits) refers to ddiv.o(.text) for __aeabi_ddiv
    printfa.o(i._fp_digits) refers to cdrcmple.o(.text) for __aeabi_cdrcmple
    printfa.o(i._fp_digits) refers to dadd.o(.text) for __aeabi_dadd
    printfa.o(i._fp_digits) refers to dfixul.o(.text) for __aeabi_d2ulz
    printfa.o(i._fp_digits) refers to uldiv.o(.text) for __aeabi_uldivmod
    printfa.o(i._printf_core) refers (Special) to iusefp.o(.text) for __I$use$fp
    printfa.o(i._printf_core) refers to printfa.o(i._printf_pre_padding) for _printf_pre_padding
    printfa.o(i._printf_core) refers to uldiv.o(.text) for __aeabi_uldivmod
    printfa.o(i._printf_core) refers to printfa.o(i._printf_post_padding) for _printf_post_padding
    printfa.o(i._printf_core) refers to printfa.o(i._fp_digits) for _fp_digits
    printfa.o(i._printf_core) refers to uidiv.o(.text) for __aeabi_uidivmod
    printfa.o(i._printf_post_padding) refers (Special) to iusefp.o(.text) for __I$use$fp
    printfa.o(i._printf_pre_padding) refers (Special) to iusefp.o(.text) for __I$use$fp
    printfa.o(i._snputc) refers (Special) to iusefp.o(.text) for __I$use$fp
    printfa.o(i._sputc) refers (Special) to iusefp.o(.text) for __I$use$fp
    fadd.o(.text) refers (Special) to iusefp.o(.text) for __I$use$fp
    fadd.o(.text) refers to fepilogue.o(.text) for _float_epilogue
    fmul.o(.text) refers (Special) to iusefp.o(.text) for __I$use$fp
    dadd.o(.text) refers (Special) to iusefp.o(.text) for __I$use$fp
    dadd.o(.text) refers to llshl.o(.text) for __aeabi_llsl
    dadd.o(.text) refers to llsshr.o(.text) for __aeabi_lasr
    dadd.o(.text) refers to depilogue.o(.text) for _double_epilogue
    dmul.o(.text) refers (Special) to iusefp.o(.text) for __I$use$fp
    dmul.o(.text) refers to depilogue.o(.text) for _double_epilogue
    ddiv.o(.text) refers (Special) to iusefp.o(.text) for __I$use$fp
    ddiv.o(.text) refers to depilogue.o(.text) for _double_round
    dscalb.o(.text) refers (Special) to iusefp.o(.text) for __I$use$fp
    fflti.o(.text) refers (Special) to iusefp.o(.text) for __I$use$fp
    fflti.o(.text) refers to fepilogue.o(.text) for _float_epilogue
    dflti.o(.text) refers (Special) to iusefp.o(.text) for __I$use$fp
    dflti.o(.text) refers to depilogue.o(.text) for _double_epilogue
    dfltui.o(.text) refers (Special) to iusefp.o(.text) for __I$use$fp
    dfltui.o(.text) refers to depilogue.o(.text) for _double_epilogue
    ffixi.o(.text) refers (Special) to iusefp.o(.text) for __I$use$fp
    dfixi.o(.text) refers (Special) to iusefp.o(.text) for __I$use$fp
    dfixi.o(.text) refers to llushr.o(.text) for __aeabi_llsr
    dfixui.o(.text) refers (Special) to iusefp.o(.text) for __I$use$fp
    dfixui.o(.text) refers to llushr.o(.text) for __aeabi_llsr
    f2d.o(.text) refers (Special) to iusefp.o(.text) for __I$use$fp
    cdcmple.o(.text) refers (Special) to iusefp.o(.text) for __I$use$fp
    cdrcmple.o(.text) refers (Special) to iusefp.o(.text) for __I$use$fp
    d2f.o(.text) refers (Special) to iusefp.o(.text) for __I$use$fp
    d2f.o(.text) refers to fepilogue.o(.text) for _float_round
    atan.o(i.__softfp_atan) refers (Special) to iusefp.o(.text) for __I$use$fp
    atan.o(i.__softfp_atan) refers to atan.o(i.atan) for atan
    atan.o(i.atan) refers (Special) to iusefp.o(.text) for __I$use$fp
    atan.o(i.atan) refers to dunder.o(i.__mathlib_dbl_infnan) for __mathlib_dbl_infnan
    atan.o(i.atan) refers to fpclassify.o(i.__ARM_fpclassify) for __ARM_fpclassify
    atan.o(i.atan) refers to dunder.o(i.__mathlib_dbl_underflow) for __mathlib_dbl_underflow
    atan.o(i.atan) refers to dadd.o(.text) for __aeabi_dadd
    atan.o(i.atan) refers to dscalb.o(.text) for __ARM_scalbn
    atan.o(i.atan) refers to ddiv.o(.text) for __aeabi_ddiv
    atan.o(i.atan) refers to dmul.o(.text) for __aeabi_dmul
    atan.o(i.atan) refers to poly.o(i.__kernel_poly) for __kernel_poly
    atan.o(i.atan) refers to atan.o(.constdata) for .constdata
    atan.o(.constdata) refers (Special) to iusefp.o(.text) for __I$use$fp
    atan_x.o(i.____softfp_atan$lsc) refers (Special) to iusefp.o(.text) for __I$use$fp
    atan_x.o(i.____softfp_atan$lsc) refers to atan_x.o(i.__atan$lsc) for __atan$lsc
    atan_x.o(i.__atan$lsc) refers (Special) to iusefp.o(.text) for __I$use$fp
    atan_x.o(i.__atan$lsc) refers to dunder.o(i.__mathlib_dbl_infnan) for __mathlib_dbl_infnan
    atan_x.o(i.__atan$lsc) refers to dadd.o(.text) for __aeabi_dadd
    atan_x.o(i.__atan$lsc) refers to dscalb.o(.text) for __ARM_scalbn
    atan_x.o(i.__atan$lsc) refers to ddiv.o(.text) for __aeabi_ddiv
    atan_x.o(i.__atan$lsc) refers to dmul.o(.text) for __aeabi_dmul
    atan_x.o(i.__atan$lsc) refers to poly.o(i.__kernel_poly) for __kernel_poly
    atan_x.o(i.__atan$lsc) refers to atan_x.o(.constdata) for .constdata
    atan_x.o(.constdata) refers (Special) to iusefp.o(.text) for __I$use$fp
    dunder.o(i.__mathlib_dbl_divzero) refers to ddiv.o(.text) for __aeabi_ddiv
    dunder.o(i.__mathlib_dbl_infnan) refers to dscalb.o(.text) for __ARM_scalbn
    dunder.o(i.__mathlib_dbl_infnan2) refers to dadd.o(.text) for __aeabi_dadd
    dunder.o(i.__mathlib_dbl_invalid) refers to ddiv.o(.text) for __aeabi_ddiv
    dunder.o(i.__mathlib_dbl_overflow) refers to dscalb.o(.text) for __ARM_scalbn
    dunder.o(i.__mathlib_dbl_posinfnan) refers to dmul.o(.text) for __aeabi_dmul
    dunder.o(i.__mathlib_dbl_underflow) refers to dscalb.o(.text) for __ARM_scalbn
    qnan.o(.constdata) refers (Special) to iusefp.o(.text) for __I$use$fp
    entry2.o(.ARM.Collect$$$$00000001) refers to entry2.o(.ARM.Collect$$$$00002712) for __lit__00000000
    entry2.o(.ARM.Collect$$$$00002712) refers to startup_stm32f10x_md.o(STACK) for __initial_sp
    entry2.o(__vectab_stack_and_reset_area) refers to startup_stm32f10x_md.o(STACK) for __initial_sp
    entry2.o(__vectab_stack_and_reset_area) refers to entry.o(.ARM.Collect$$$$00000000) for __main
    entry5.o(.ARM.Collect$$$$00000004) refers to init.o(.text) for __scatterload
    entry9a.o(.ARM.Collect$$$$0000000B) refers to main.o(.text) for main
    entry9b.o(.ARM.Collect$$$$0000000C) refers to main.o(.text) for main
    uldiv.o(.text) refers to llushr.o(.text) for __aeabi_llsr
    uldiv.o(.text) refers to llshl.o(.text) for __aeabi_llsl
    errno.o(i.__aeabi_errno_addr) refers to errno.o(.data) for .data
    errno.o(i.__read_errno) refers to errno.o(.data) for .data
    errno.o(i.__set_errno) refers to errno.o(.data) for .data
    depilogue.o(.text) refers to llshl.o(.text) for __aeabi_llsl
    depilogue.o(.text) refers to llushr.o(.text) for __aeabi_llsr
    dsqrt.o(.text) refers to llushr.o(.text) for __aeabi_llsr
    dsqrt.o(.text) refers to depilogue.o(.text) for _double_round
    dfixul.o(.text) refers to llushr.o(.text) for __aeabi_llsr
    dfixul.o(.text) refers to llshl.o(.text) for __aeabi_llsl
    fpclassify.o(i.__ARM_fpclassify) refers (Special) to iusefp.o(.text) for __I$use$fp
    poly.o(i.__kernel_poly) refers (Special) to iusefp.o(.text) for __I$use$fp
    poly.o(i.__kernel_poly) refers to dmul.o(.text) for __aeabi_dmul
    poly.o(i.__kernel_poly) refers to dadd.o(.text) for __aeabi_dadd
    init.o(.text) refers to entry5.o(.ARM.Collect$$$$00000004) for __main_after_scatterload


==============================================================================

Removing Unused input sections from the image.

    Removing startup_stm32f10x_md.o(HEAP), (512 bytes).
    Removing core_cm3.o(.emb_text), (32 bytes).
    Removing stm32f10x_bkp.o(.text), (156 bytes).
    Removing stm32f10x_can.o(.text), (1980 bytes).
    Removing stm32f10x_cec.o(.text), (252 bytes).
    Removing stm32f10x_crc.o(.text), (64 bytes).
    Removing stm32f10x_dac.o(.text), (284 bytes).
    Removing stm32f10x_dbgmcu.o(.text), (44 bytes).
    Removing stm32f10x_dma.o(.text), (488 bytes).
    Removing stm32f10x_exti.o(.text), (236 bytes).
    Removing stm32f10x_flash.o(.text), (1188 bytes).
    Removing stm32f10x_fsmc.o(.text), (1206 bytes).
    Removing stm32f10x_iwdg.o(.text), (60 bytes).
    Removing stm32f10x_pwr.o(.text), (172 bytes).
    Removing stm32f10x_rtc.o(.text), (276 bytes).
    Removing stm32f10x_sdio.o(.text), (432 bytes).
    Removing stm32f10x_spi.o(.text), (692 bytes).
    Removing stm32f10x_wwdg.o(.text), (128 bytes).
    Removing delay.o(.text), (80 bytes).
    Removing oled_data.o(.constdata), (50 bytes).

20 unused section(s) (total 8332 bytes) removed from the image.

==============================================================================

Image Symbol Table

    Local Symbols

    Symbol Name                              Value     Ov Type        Size  Object(Section)

    ../clib/microlib/division.c              0x00000000   Number         0  uldiv.o ABSOLUTE
    ../clib/microlib/division.c              0x00000000   Number         0  uidiv.o ABSOLUTE
    ../clib/microlib/errno.c                 0x00000000   Number         0  errno.o ABSOLUTE
    ../clib/microlib/init/entry.s            0x00000000   Number         0  entry10a.o ABSOLUTE
    ../clib/microlib/init/entry.s            0x00000000   Number         0  entry5.o ABSOLUTE
    ../clib/microlib/init/entry.s            0x00000000   Number         0  entry10b.o ABSOLUTE
    ../clib/microlib/init/entry.s            0x00000000   Number         0  entry7a.o ABSOLUTE
    ../clib/microlib/init/entry.s            0x00000000   Number         0  entry7b.o ABSOLUTE
    ../clib/microlib/init/entry.s            0x00000000   Number         0  entry.o ABSOLUTE
    ../clib/microlib/init/entry.s            0x00000000   Number         0  entry8b.o ABSOLUTE
    ../clib/microlib/init/entry.s            0x00000000   Number         0  entry2.o ABSOLUTE
    ../clib/microlib/init/entry.s            0x00000000   Number         0  entry11a.o ABSOLUTE
    ../clib/microlib/init/entry.s            0x00000000   Number         0  entry11b.o ABSOLUTE
    ../clib/microlib/init/entry.s            0x00000000   Number         0  entry8a.o ABSOLUTE
    ../clib/microlib/init/entry.s            0x00000000   Number         0  entry9a.o ABSOLUTE
    ../clib/microlib/init/entry.s            0x00000000   Number         0  entry9b.o ABSOLUTE
    ../clib/microlib/longlong.c              0x00000000   Number         0  llsshr.o ABSOLUTE
    ../clib/microlib/longlong.c              0x00000000   Number         0  llushr.o ABSOLUTE
    ../clib/microlib/longlong.c              0x00000000   Number         0  llshl.o ABSOLUTE
    ../clib/microlib/printf/printf.c         0x00000000   Number         0  printfa.o ABSOLUTE
    ../clib/microlib/stdio/streams.c         0x00000000   Number         0  stdout.o ABSOLUTE
    ../clib/microlib/string/strcmp.c         0x00000000   Number         0  strcmp.o ABSOLUTE
    ../clib/microlib/stubs.s                 0x00000000   Number         0  iusefp.o ABSOLUTE
    ../fplib/microlib/d2f.c                  0x00000000   Number         0  d2f.o ABSOLUTE
    ../fplib/microlib/f2d.c                  0x00000000   Number         0  f2d.o ABSOLUTE
    ../fplib/microlib/fpadd.c                0x00000000   Number         0  dadd.o ABSOLUTE
    ../fplib/microlib/fpadd.c                0x00000000   Number         0  fadd.o ABSOLUTE
    ../fplib/microlib/fpdiv.c                0x00000000   Number         0  ddiv.o ABSOLUTE
    ../fplib/microlib/fpepilogue.c           0x00000000   Number         0  depilogue.o ABSOLUTE
    ../fplib/microlib/fpepilogue.c           0x00000000   Number         0  fepilogue.o ABSOLUTE
    ../fplib/microlib/fpfix.c                0x00000000   Number         0  dfixi.o ABSOLUTE
    ../fplib/microlib/fpfix.c                0x00000000   Number         0  dfixui.o ABSOLUTE
    ../fplib/microlib/fpfix.c                0x00000000   Number         0  ffixi.o ABSOLUTE
    ../fplib/microlib/fpfix.c                0x00000000   Number         0  dfixul.o ABSOLUTE
    ../fplib/microlib/fpflt.c                0x00000000   Number         0  dfltui.o ABSOLUTE
    ../fplib/microlib/fpflt.c                0x00000000   Number         0  dflti.o ABSOLUTE
    ../fplib/microlib/fpflt.c                0x00000000   Number         0  fflti.o ABSOLUTE
    ../fplib/microlib/fpmul.c                0x00000000   Number         0  fmul.o ABSOLUTE
    ../fplib/microlib/fpmul.c                0x00000000   Number         0  dmul.o ABSOLUTE
    ../fplib/microlib/fpscalb.c              0x00000000   Number         0  dscalb.o ABSOLUTE
    ../fplib/microlib/fpsqrt.c               0x00000000   Number         0  dsqrt.o ABSOLUTE
    ../mathlib/atan.c                        0x00000000   Number         0  atan.o ABSOLUTE
    ../mathlib/atan.c                        0x00000000   Number         0  atan_x.o ABSOLUTE
    ../mathlib/atan2.c                       0x00000000   Number         0  atan2.o ABSOLUTE
    ../mathlib/atan2.c                       0x00000000   Number         0  atan2_x.o ABSOLUTE
    ../mathlib/dunder.c                      0x00000000   Number         0  dunder.o ABSOLUTE
    ../mathlib/fpclassify.c                  0x00000000   Number         0  fpclassify.o ABSOLUTE
    ../mathlib/poly.c                        0x00000000   Number         0  poly.o ABSOLUTE
    ../mathlib/qnan.c                        0x00000000   Number         0  qnan.o ABSOLUTE
    ../mathlib/sqrt.c                        0x00000000   Number         0  sqrt.o ABSOLUTE
    ../mathlib/sqrt.c                        0x00000000   Number         0  sqrt_x.o ABSOLUTE
    Hardware\AD.c                            0x00000000   Number         0  ad.o ABSOLUTE
    Hardware\Encoder.c                       0x00000000   Number         0  encoder.o ABSOLUTE
    Hardware\MPU6050.c                       0x00000000   Number         0  mpu6050.o ABSOLUTE
    Hardware\MPU_Data_Process.c              0x00000000   Number         0  mpu_data_process.o ABSOLUTE
    Hardware\Motor.c                         0x00000000   Number         0  motor.o ABSOLUTE
    Hardware\OLED.c                          0x00000000   Number         0  oled.o ABSOLUTE
    Hardware\OLED_Data.c                     0x00000000   Number         0  oled_data.o ABSOLUTE
    Hardware\PWM.c                           0x00000000   Number         0  pwm.o ABSOLUTE
    Library\misc.c                           0x00000000   Number         0  misc.o ABSOLUTE
    Library\stm32f10x_adc.c                  0x00000000   Number         0  stm32f10x_adc.o ABSOLUTE
    Library\stm32f10x_bkp.c                  0x00000000   Number         0  stm32f10x_bkp.o ABSOLUTE
    Library\stm32f10x_can.c                  0x00000000   Number         0  stm32f10x_can.o ABSOLUTE
    Library\stm32f10x_cec.c                  0x00000000   Number         0  stm32f10x_cec.o ABSOLUTE
    Library\stm32f10x_crc.c                  0x00000000   Number         0  stm32f10x_crc.o ABSOLUTE
    Library\stm32f10x_dac.c                  0x00000000   Number         0  stm32f10x_dac.o ABSOLUTE
    Library\stm32f10x_dbgmcu.c               0x00000000   Number         0  stm32f10x_dbgmcu.o ABSOLUTE
    Library\stm32f10x_dma.c                  0x00000000   Number         0  stm32f10x_dma.o ABSOLUTE
    Library\stm32f10x_exti.c                 0x00000000   Number         0  stm32f10x_exti.o ABSOLUTE
    Library\stm32f10x_flash.c                0x00000000   Number         0  stm32f10x_flash.o ABSOLUTE
    Library\stm32f10x_fsmc.c                 0x00000000   Number         0  stm32f10x_fsmc.o ABSOLUTE
    Library\stm32f10x_gpio.c                 0x00000000   Number         0  stm32f10x_gpio.o ABSOLUTE
    Library\stm32f10x_i2c.c                  0x00000000   Number         0  stm32f10x_i2c.o ABSOLUTE
    Library\stm32f10x_iwdg.c                 0x00000000   Number         0  stm32f10x_iwdg.o ABSOLUTE
    Library\stm32f10x_pwr.c                  0x00000000   Number         0  stm32f10x_pwr.o ABSOLUTE
    Library\stm32f10x_rcc.c                  0x00000000   Number         0  stm32f10x_rcc.o ABSOLUTE
    Library\stm32f10x_rtc.c                  0x00000000   Number         0  stm32f10x_rtc.o ABSOLUTE
    Library\stm32f10x_sdio.c                 0x00000000   Number         0  stm32f10x_sdio.o ABSOLUTE
    Library\stm32f10x_spi.c                  0x00000000   Number         0  stm32f10x_spi.o ABSOLUTE
    Library\stm32f10x_tim.c                  0x00000000   Number         0  stm32f10x_tim.o ABSOLUTE
    Library\stm32f10x_usart.c                0x00000000   Number         0  stm32f10x_usart.o ABSOLUTE
    Library\stm32f10x_wwdg.c                 0x00000000   Number         0  stm32f10x_wwdg.o ABSOLUTE
    Start\\core_cm3.c                        0x00000000   Number         0  core_cm3.o ABSOLUTE
    Start\core_cm3.c                         0x00000000   Number         0  core_cm3.o ABSOLUTE
    Start\startup_stm32f10x_md.s             0x00000000   Number         0  startup_stm32f10x_md.o ABSOLUTE
    Start\system_stm32f10x.c                 0x00000000   Number         0  system_stm32f10x.o ABSOLUTE
    System\Delay.c                           0x00000000   Number         0  delay.o ABSOLUTE
    System\Timer.c                           0x00000000   Number         0  timer.o ABSOLUTE
    USART_debug\Serial.c                     0x00000000   Number         0  serial.o ABSOLUTE
    User\main.c                              0x00000000   Number         0  main.o ABSOLUTE
    User\stm32f10x_it.c                      0x00000000   Number         0  stm32f10x_it.o ABSOLUTE
    cdcmple.s                                0x00000000   Number         0  cdcmple.o ABSOLUTE
    cdrcmple.s                               0x00000000   Number         0  cdrcmple.o ABSOLUTE
    dc.s                                     0x00000000   Number         0  dc.o ABSOLUTE
    handlers.s                               0x00000000   Number         0  handlers.o ABSOLUTE
    init.s                                   0x00000000   Number         0  init.o ABSOLUTE
    RESET                                    0x08000000   Section      236  startup_stm32f10x_md.o(RESET)
    .ARM.Collect$$$$00000000                 0x080000ec   Section        0  entry.o(.ARM.Collect$$$$00000000)
    .ARM.Collect$$$$00000001                 0x080000ec   Section        4  entry2.o(.ARM.Collect$$$$00000001)
    .ARM.Collect$$$$00000004                 0x080000f0   Section        4  entry5.o(.ARM.Collect$$$$00000004)
    .ARM.Collect$$$$00000008                 0x080000f4   Section        0  entry7b.o(.ARM.Collect$$$$00000008)
    .ARM.Collect$$$$0000000A                 0x080000f4   Section        0  entry8b.o(.ARM.Collect$$$$0000000A)
    .ARM.Collect$$$$0000000B                 0x080000f4   Section        8  entry9a.o(.ARM.Collect$$$$0000000B)
    .ARM.Collect$$$$0000000D                 0x080000fc   Section        0  entry10a.o(.ARM.Collect$$$$0000000D)
    .ARM.Collect$$$$0000000F                 0x080000fc   Section        0  entry11a.o(.ARM.Collect$$$$0000000F)
    .ARM.Collect$$$$00002712                 0x080000fc   Section        4  entry2.o(.ARM.Collect$$$$00002712)
    __lit__00000000                          0x080000fc   Data           4  entry2.o(.ARM.Collect$$$$00002712)
    .text                                    0x08000100   Section       36  startup_stm32f10x_md.o(.text)
    .text                                    0x08000124   Section        0  system_stm32f10x.o(.text)
    SetSysClockTo72                          0x08000125   Thumb Code   166  system_stm32f10x.o(.text)
    SetSysClock                              0x080001cb   Thumb Code     2  system_stm32f10x.o(.text)
    .text                                    0x08000298   Section        0  misc.o(.text)
    .text                                    0x08000350   Section        0  stm32f10x_adc.o(.text)
    .text                                    0x080006d8   Section        0  stm32f10x_gpio.o(.text)
    .text                                    0x08000970   Section        0  stm32f10x_i2c.o(.text)
    .text                                    0x08000d00   Section        0  stm32f10x_rcc.o(.text)
    .text                                    0x08000ff4   Section        0  stm32f10x_tim.o(.text)
    TI4_Config                               0x0800145d   Thumb Code   102  stm32f10x_tim.o(.text)
    TI3_Config                               0x080014d3   Thumb Code    98  stm32f10x_tim.o(.text)
    TI2_Config                               0x0800154d   Thumb Code   102  stm32f10x_tim.o(.text)
    TI1_Config                               0x080015c3   Thumb Code    94  stm32f10x_tim.o(.text)
    .text                                    0x08001c20   Section        0  stm32f10x_usart.o(.text)
    .text                                    0x08001fbc   Section        0  timer.o(.text)
    .text                                    0x08002038   Section        0  mpu6050.o(.text)
    .text                                    0x08002268   Section        0  mpu_data_process.o(.text)
    .text                                    0x0800237c   Section        0  motor.o(.text)
    .text                                    0x08002448   Section        0  encoder.o(.text)
    .text                                    0x08002584   Section        0  pwm.o(.text)
    .text                                    0x0800263c   Section        0  ad.o(.text)
    .text                                    0x080026f8   Section        0  oled.o(.text)
    .text                                    0x08003864   Section        0  main.o(.text)
    .text                                    0x08003abc   Section        0  stm32f10x_it.o(.text)
    .text                                    0x08003ad0   Section        0  serial.o(.text)
    .text                                    0x08003bf8   Section        0  strcmp.o(.text)
    .text                                    0x08003c14   Section        0  fadd.o(.text)
    .text                                    0x08003cc4   Section        0  fmul.o(.text)
    .text                                    0x08003d28   Section        0  dadd.o(.text)
    .text                                    0x08003e76   Section        0  dmul.o(.text)
    .text                                    0x08003f5a   Section        0  ddiv.o(.text)
    .text                                    0x08004038   Section        0  dscalb.o(.text)
    .text                                    0x08004066   Section        0  fflti.o(.text)
    .text                                    0x08004078   Section        0  dflti.o(.text)
    .text                                    0x0800409a   Section        0  dfltui.o(.text)
    .text                                    0x080040b4   Section        0  ffixi.o(.text)
    .text                                    0x080040e6   Section        0  dfixi.o(.text)
    .text                                    0x08004124   Section        0  dfixui.o(.text)
    .text                                    0x08004156   Section        0  f2d.o(.text)
    .text                                    0x0800417c   Section       48  cdcmple.o(.text)
    .text                                    0x080041ac   Section       48  cdrcmple.o(.text)
    .text                                    0x080041dc   Section        0  d2f.o(.text)
    .text                                    0x08004214   Section        0  uidiv.o(.text)
    .text                                    0x08004240   Section        0  uldiv.o(.text)
    .text                                    0x080042a2   Section        0  llshl.o(.text)
    .text                                    0x080042c0   Section        0  llushr.o(.text)
    .text                                    0x080042e0   Section        0  llsshr.o(.text)
    .text                                    0x08004304   Section        0  fepilogue.o(.text)
    .text                                    0x08004304   Section        0  iusefp.o(.text)
    .text                                    0x08004372   Section        0  depilogue.o(.text)
    .text                                    0x0800442c   Section        0  dsqrt.o(.text)
    .text                                    0x080044ce   Section        0  dfixul.o(.text)
    .text                                    0x08004500   Section       36  init.o(.text)
    i.__0vsprintf                            0x08004524   Section        0  printfa.o(i.__0vsprintf)
    i.__ARM_fpclassify                       0x08004548   Section        0  fpclassify.o(i.__ARM_fpclassify)
    i.__kernel_poly                          0x08004570   Section        0  poly.o(i.__kernel_poly)
    i.__mathlib_dbl_infnan                   0x0800461a   Section        0  dunder.o(i.__mathlib_dbl_infnan)
    i.__mathlib_dbl_infnan2                  0x08004620   Section        0  dunder.o(i.__mathlib_dbl_infnan2)
    i.__mathlib_dbl_underflow                0x08004624   Section        0  dunder.o(i.__mathlib_dbl_underflow)
    i.__scatterload_copy                     0x08004634   Section       14  handlers.o(i.__scatterload_copy)
    i.__scatterload_null                     0x08004642   Section        2  handlers.o(i.__scatterload_null)
    i.__scatterload_zeroinit                 0x08004644   Section       14  handlers.o(i.__scatterload_zeroinit)
    i.__set_errno                            0x08004654   Section        0  errno.o(i.__set_errno)
    i._fp_digits                             0x08004660   Section        0  printfa.o(i._fp_digits)
    _fp_digits                               0x08004661   Thumb Code   366  printfa.o(i._fp_digits)
    i._printf_core                           0x080047e4   Section        0  printfa.o(i._printf_core)
    _printf_core                             0x080047e5   Thumb Code  1744  printfa.o(i._printf_core)
    i._printf_post_padding                   0x08004ec0   Section        0  printfa.o(i._printf_post_padding)
    _printf_post_padding                     0x08004ec1   Thumb Code    36  printfa.o(i._printf_post_padding)
    i._printf_pre_padding                    0x08004ee4   Section        0  printfa.o(i._printf_pre_padding)
    _printf_pre_padding                      0x08004ee5   Thumb Code    46  printfa.o(i._printf_pre_padding)
    i._sputc                                 0x08004f12   Section        0  printfa.o(i._sputc)
    _sputc                                   0x08004f13   Thumb Code    10  printfa.o(i._sputc)
    i.atan                                   0x08004f1c   Section        0  atan.o(i.atan)
    i.atan2                                  0x0800513c   Section        0  atan2.o(i.atan2)
    i.sqrt                                   0x080052bc   Section        0  sqrt.o(i.sqrt)
    .constdata                               0x08005308   Section     1520  oled_data.o(.constdata)
    .constdata                               0x080058f8   Section      570  oled_data.o(.constdata)
    .constdata                               0x08005b32   Section     2772  oled_data.o(.constdata)
    .constdata                               0x08006608   Section      152  atan.o(.constdata)
    atanhi                                   0x08006608   Data          32  atan.o(.constdata)
    atanlo                                   0x08006628   Data          32  atan.o(.constdata)
    aTodd                                    0x08006648   Data          40  atan.o(.constdata)
    aTeven                                   0x08006670   Data          48  atan.o(.constdata)
    .constdata                               0x080066a0   Section        8  qnan.o(.constdata)
    .data                                    0x20000000   Section       20  system_stm32f10x.o(.data)
    .data                                    0x20000014   Section       20  stm32f10x_rcc.o(.data)
    ADCPrescTable                            0x20000014   Data           4  stm32f10x_rcc.o(.data)
    APBAHBPrescTable                         0x20000018   Data          16  stm32f10x_rcc.o(.data)
    .data                                    0x20000028   Section       12  main.o(.data)
    Count_Read                               0x20000028   Data           2  main.o(.data)
    Count_Angle                              0x2000002a   Data           2  main.o(.data)
    Count_Speed                              0x2000002c   Data           2  main.o(.data)
    .data                                    0x20000034   Section        4  errno.o(.data)
    _errno                                   0x20000034   Data           4  errno.o(.data)
    .bss                                     0x20000038   Section       36  mpu_data_process.o(.bss)
    .bss                                     0x2000005c   Section     1024  oled.o(.bss)
    .bss                                     0x2000045c   Section       28  main.o(.bss)
    STACK                                    0x20000478   Section     1024  startup_stm32f10x_md.o(STACK)

    Global Symbols

    Symbol Name                              Value     Ov Type        Size  Object(Section)

    BuildAttributes$$THM_ISAv4$P$D$K$B$S$PE$A:L22UL41UL21$X:L11$S22US41US21$IEEE1$IW$USESV6$~STKCKD$USESV7$~SHL$OTIME$ROPI$IEEEX$EBA8$MICROLIB$REQ8$PRES8$EABIv2 0x00000000   Number         0  anon$$obj.o ABSOLUTE
    __ARM_use_no_argv                        0x00000000   Number         0  main.o ABSOLUTE
    __cpp_initialize__aeabi_                  - Undefined Weak Reference
    __cxa_finalize                            - Undefined Weak Reference
    __decompress                              - Undefined Weak Reference
    _clock_init                               - Undefined Weak Reference
    _microlib_exit                            - Undefined Weak Reference
    __Vectors_Size                           0x000000ec   Number         0  startup_stm32f10x_md.o ABSOLUTE
    __Vectors                                0x08000000   Data           4  startup_stm32f10x_md.o(RESET)
    __Vectors_End                            0x080000ec   Data           0  startup_stm32f10x_md.o(RESET)
    __main                                   0x080000ed   Thumb Code     0  entry.o(.ARM.Collect$$$$00000000)
    _main_stk                                0x080000ed   Thumb Code     0  entry2.o(.ARM.Collect$$$$00000001)
    _main_scatterload                        0x080000f1   Thumb Code     0  entry5.o(.ARM.Collect$$$$00000004)
    __main_after_scatterload                 0x080000f5   Thumb Code     0  entry5.o(.ARM.Collect$$$$00000004)
    _main_clock                              0x080000f5   Thumb Code     0  entry7b.o(.ARM.Collect$$$$00000008)
    _main_cpp_init                           0x080000f5   Thumb Code     0  entry8b.o(.ARM.Collect$$$$0000000A)
    _main_init                               0x080000f5   Thumb Code     0  entry9a.o(.ARM.Collect$$$$0000000B)
    __rt_final_cpp                           0x080000fd   Thumb Code     0  entry10a.o(.ARM.Collect$$$$0000000D)
    __rt_final_exit                          0x080000fd   Thumb Code     0  entry11a.o(.ARM.Collect$$$$0000000F)
    Reset_Handler                            0x08000101   Thumb Code     8  startup_stm32f10x_md.o(.text)
    ADC1_2_IRQHandler                        0x0800011b   Thumb Code     0  startup_stm32f10x_md.o(.text)
    CAN1_RX1_IRQHandler                      0x0800011b   Thumb Code     0  startup_stm32f10x_md.o(.text)
    CAN1_SCE_IRQHandler                      0x0800011b   Thumb Code     0  startup_stm32f10x_md.o(.text)
    DMA1_Channel1_IRQHandler                 0x0800011b   Thumb Code     0  startup_stm32f10x_md.o(.text)
    DMA1_Channel2_IRQHandler                 0x0800011b   Thumb Code     0  startup_stm32f10x_md.o(.text)
    DMA1_Channel3_IRQHandler                 0x0800011b   Thumb Code     0  startup_stm32f10x_md.o(.text)
    DMA1_Channel4_IRQHandler                 0x0800011b   Thumb Code     0  startup_stm32f10x_md.o(.text)
    DMA1_Channel5_IRQHandler                 0x0800011b   Thumb Code     0  startup_stm32f10x_md.o(.text)
    DMA1_Channel6_IRQHandler                 0x0800011b   Thumb Code     0  startup_stm32f10x_md.o(.text)
    DMA1_Channel7_IRQHandler                 0x0800011b   Thumb Code     0  startup_stm32f10x_md.o(.text)
    EXTI0_IRQHandler                         0x0800011b   Thumb Code     0  startup_stm32f10x_md.o(.text)
    EXTI15_10_IRQHandler                     0x0800011b   Thumb Code     0  startup_stm32f10x_md.o(.text)
    EXTI1_IRQHandler                         0x0800011b   Thumb Code     0  startup_stm32f10x_md.o(.text)
    EXTI2_IRQHandler                         0x0800011b   Thumb Code     0  startup_stm32f10x_md.o(.text)
    EXTI3_IRQHandler                         0x0800011b   Thumb Code     0  startup_stm32f10x_md.o(.text)
    EXTI4_IRQHandler                         0x0800011b   Thumb Code     0  startup_stm32f10x_md.o(.text)
    EXTI9_5_IRQHandler                       0x0800011b   Thumb Code     0  startup_stm32f10x_md.o(.text)
    FLASH_IRQHandler                         0x0800011b   Thumb Code     0  startup_stm32f10x_md.o(.text)
    I2C1_ER_IRQHandler                       0x0800011b   Thumb Code     0  startup_stm32f10x_md.o(.text)
    I2C1_EV_IRQHandler                       0x0800011b   Thumb Code     0  startup_stm32f10x_md.o(.text)
    I2C2_ER_IRQHandler                       0x0800011b   Thumb Code     0  startup_stm32f10x_md.o(.text)
    I2C2_EV_IRQHandler                       0x0800011b   Thumb Code     0  startup_stm32f10x_md.o(.text)
    PVD_IRQHandler                           0x0800011b   Thumb Code     0  startup_stm32f10x_md.o(.text)
    RCC_IRQHandler                           0x0800011b   Thumb Code     0  startup_stm32f10x_md.o(.text)
    RTCAlarm_IRQHandler                      0x0800011b   Thumb Code     0  startup_stm32f10x_md.o(.text)
    RTC_IRQHandler                           0x0800011b   Thumb Code     0  startup_stm32f10x_md.o(.text)
    SPI1_IRQHandler                          0x0800011b   Thumb Code     0  startup_stm32f10x_md.o(.text)
    SPI2_IRQHandler                          0x0800011b   Thumb Code     0  startup_stm32f10x_md.o(.text)
    TAMPER_IRQHandler                        0x0800011b   Thumb Code     0  startup_stm32f10x_md.o(.text)
    TIM1_BRK_IRQHandler                      0x0800011b   Thumb Code     0  startup_stm32f10x_md.o(.text)
    TIM1_CC_IRQHandler                       0x0800011b   Thumb Code     0  startup_stm32f10x_md.o(.text)
    TIM1_TRG_COM_IRQHandler                  0x0800011b   Thumb Code     0  startup_stm32f10x_md.o(.text)
    TIM1_UP_IRQHandler                       0x0800011b   Thumb Code     0  startup_stm32f10x_md.o(.text)
    TIM2_IRQHandler                          0x0800011b   Thumb Code     0  startup_stm32f10x_md.o(.text)
    TIM3_IRQHandler                          0x0800011b   Thumb Code     0  startup_stm32f10x_md.o(.text)
    USART1_IRQHandler                        0x0800011b   Thumb Code     0  startup_stm32f10x_md.o(.text)
    USART2_IRQHandler                        0x0800011b   Thumb Code     0  startup_stm32f10x_md.o(.text)
    USART3_IRQHandler                        0x0800011b   Thumb Code     0  startup_stm32f10x_md.o(.text)
    USBWakeUp_IRQHandler                     0x0800011b   Thumb Code     0  startup_stm32f10x_md.o(.text)
    USB_HP_CAN1_TX_IRQHandler                0x0800011b   Thumb Code     0  startup_stm32f10x_md.o(.text)
    USB_LP_CAN1_RX0_IRQHandler               0x0800011b   Thumb Code     0  startup_stm32f10x_md.o(.text)
    WWDG_IRQHandler                          0x0800011b   Thumb Code     0  startup_stm32f10x_md.o(.text)
    SystemInit                               0x080001cd   Thumb Code    64  system_stm32f10x.o(.text)
    SystemCoreClockUpdate                    0x0800020d   Thumb Code   106  system_stm32f10x.o(.text)
    NVIC_PriorityGroupConfig                 0x08000299   Thumb Code    10  misc.o(.text)
    NVIC_Init                                0x080002a3   Thumb Code    96  misc.o(.text)
    NVIC_SetVectorTable                      0x08000303   Thumb Code    14  misc.o(.text)
    NVIC_SystemLPConfig                      0x08000311   Thumb Code    24  misc.o(.text)
    SysTick_CLKSourceConfig                  0x08000329   Thumb Code    28  misc.o(.text)
    ADC_DeInit                               0x08000351   Thumb Code    88  stm32f10x_adc.o(.text)
    ADC_Init                                 0x080003a9   Thumb Code    62  stm32f10x_adc.o(.text)
    ADC_StructInit                           0x080003e7   Thumb Code    18  stm32f10x_adc.o(.text)
    ADC_Cmd                                  0x080003f9   Thumb Code    24  stm32f10x_adc.o(.text)
    ADC_DMACmd                               0x08000411   Thumb Code    24  stm32f10x_adc.o(.text)
    ADC_ITConfig                             0x08000429   Thumb Code    22  stm32f10x_adc.o(.text)
    ADC_ResetCalibration                     0x0800043f   Thumb Code    10  stm32f10x_adc.o(.text)
    ADC_GetResetCalibrationStatus            0x08000449   Thumb Code    14  stm32f10x_adc.o(.text)
    ADC_StartCalibration                     0x08000457   Thumb Code    10  stm32f10x_adc.o(.text)
    ADC_GetCalibrationStatus                 0x08000461   Thumb Code    14  stm32f10x_adc.o(.text)
    ADC_SoftwareStartConvCmd                 0x0800046f   Thumb Code    24  stm32f10x_adc.o(.text)
    ADC_GetSoftwareStartConvStatus           0x08000487   Thumb Code    14  stm32f10x_adc.o(.text)
    ADC_DiscModeChannelCountConfig           0x08000495   Thumb Code    16  stm32f10x_adc.o(.text)
    ADC_DiscModeCmd                          0x080004a5   Thumb Code    24  stm32f10x_adc.o(.text)
    ADC_RegularChannelConfig                 0x080004bd   Thumb Code   116  stm32f10x_adc.o(.text)
    ADC_ExternalTrigConvCmd                  0x08000531   Thumb Code    24  stm32f10x_adc.o(.text)
    ADC_GetConversionValue                   0x08000549   Thumb Code     6  stm32f10x_adc.o(.text)
    ADC_GetDualModeConversionValue           0x0800054f   Thumb Code     8  stm32f10x_adc.o(.text)
    ADC_AutoInjectedConvCmd                  0x08000557   Thumb Code    24  stm32f10x_adc.o(.text)
    ADC_InjectedDiscModeCmd                  0x0800056f   Thumb Code    24  stm32f10x_adc.o(.text)
    ADC_ExternalTrigInjectedConvConfig       0x08000587   Thumb Code    12  stm32f10x_adc.o(.text)
    ADC_ExternalTrigInjectedConvCmd          0x08000593   Thumb Code    24  stm32f10x_adc.o(.text)
    ADC_SoftwareStartInjectedConvCmd         0x080005ab   Thumb Code    24  stm32f10x_adc.o(.text)
    ADC_GetSoftwareStartInjectedConvCmdStatus 0x080005c3   Thumb Code    14  stm32f10x_adc.o(.text)
    ADC_InjectedChannelConfig                0x080005d1   Thumb Code    74  stm32f10x_adc.o(.text)
    ADC_InjectedSequencerLengthConfig        0x0800061b   Thumb Code    16  stm32f10x_adc.o(.text)
    ADC_SetInjectedOffset                    0x0800062b   Thumb Code    16  stm32f10x_adc.o(.text)
    ADC_GetInjectedConversionValue           0x0800063b   Thumb Code    20  stm32f10x_adc.o(.text)
    ADC_AnalogWatchdogCmd                    0x0800064f   Thumb Code    12  stm32f10x_adc.o(.text)
    ADC_AnalogWatchdogThresholdsConfig       0x0800065b   Thumb Code     6  stm32f10x_adc.o(.text)
    ADC_AnalogWatchdogSingleChannelConfig    0x08000661   Thumb Code    12  stm32f10x_adc.o(.text)
    ADC_TempSensorVrefintCmd                 0x0800066d   Thumb Code    28  stm32f10x_adc.o(.text)
    ADC_GetFlagStatus                        0x08000689   Thumb Code    14  stm32f10x_adc.o(.text)
    ADC_ClearFlag                            0x08000697   Thumb Code     6  stm32f10x_adc.o(.text)
    ADC_GetITStatus                          0x0800069d   Thumb Code    28  stm32f10x_adc.o(.text)
    ADC_ClearITPendingBit                    0x080006b9   Thumb Code     8  stm32f10x_adc.o(.text)
    GPIO_DeInit                              0x080006d9   Thumb Code   188  stm32f10x_gpio.o(.text)
    GPIO_AFIODeInit                          0x08000795   Thumb Code    22  stm32f10x_gpio.o(.text)
    GPIO_Init                                0x080007ab   Thumb Code   166  stm32f10x_gpio.o(.text)
    GPIO_StructInit                          0x08000851   Thumb Code    16  stm32f10x_gpio.o(.text)
    GPIO_ReadInputDataBit                    0x08000861   Thumb Code    14  stm32f10x_gpio.o(.text)
    GPIO_ReadInputData                       0x0800086f   Thumb Code     6  stm32f10x_gpio.o(.text)
    GPIO_ReadOutputDataBit                   0x08000875   Thumb Code    14  stm32f10x_gpio.o(.text)
    GPIO_ReadOutputData                      0x08000883   Thumb Code     6  stm32f10x_gpio.o(.text)
    GPIO_SetBits                             0x08000889   Thumb Code     4  stm32f10x_gpio.o(.text)
    GPIO_ResetBits                           0x0800088d   Thumb Code     4  stm32f10x_gpio.o(.text)
    GPIO_WriteBit                            0x08000891   Thumb Code    12  stm32f10x_gpio.o(.text)
    GPIO_Write                               0x0800089d   Thumb Code     4  stm32f10x_gpio.o(.text)
    GPIO_PinLockConfig                       0x080008a1   Thumb Code    16  stm32f10x_gpio.o(.text)
    GPIO_EventOutputConfig                   0x080008b1   Thumb Code    22  stm32f10x_gpio.o(.text)
    GPIO_EventOutputCmd                      0x080008c7   Thumb Code     6  stm32f10x_gpio.o(.text)
    GPIO_PinRemapConfig                      0x080008cd   Thumb Code    86  stm32f10x_gpio.o(.text)
    GPIO_EXTILineConfig                      0x08000923   Thumb Code    34  stm32f10x_gpio.o(.text)
    GPIO_ETH_MediaInterfaceConfig            0x08000945   Thumb Code     8  stm32f10x_gpio.o(.text)
    I2C_DeInit                               0x08000971   Thumb Code    52  stm32f10x_i2c.o(.text)
    I2C_Init                                 0x080009a5   Thumb Code   182  stm32f10x_i2c.o(.text)
    I2C_StructInit                           0x08000a5b   Thumb Code    28  stm32f10x_i2c.o(.text)
    I2C_Cmd                                  0x08000a77   Thumb Code    24  stm32f10x_i2c.o(.text)
    I2C_DMACmd                               0x08000a8f   Thumb Code    24  stm32f10x_i2c.o(.text)
    I2C_DMALastTransferCmd                   0x08000aa7   Thumb Code    24  stm32f10x_i2c.o(.text)
    I2C_GenerateSTART                        0x08000abf   Thumb Code    24  stm32f10x_i2c.o(.text)
    I2C_GenerateSTOP                         0x08000ad7   Thumb Code    24  stm32f10x_i2c.o(.text)
    I2C_AcknowledgeConfig                    0x08000aef   Thumb Code    24  stm32f10x_i2c.o(.text)
    I2C_OwnAddress2Config                    0x08000b07   Thumb Code    16  stm32f10x_i2c.o(.text)
    I2C_DualAddressCmd                       0x08000b17   Thumb Code    24  stm32f10x_i2c.o(.text)
    I2C_GeneralCallCmd                       0x08000b2f   Thumb Code    24  stm32f10x_i2c.o(.text)
    I2C_ITConfig                             0x08000b47   Thumb Code    20  stm32f10x_i2c.o(.text)
    I2C_SendData                             0x08000b5b   Thumb Code     4  stm32f10x_i2c.o(.text)
    I2C_ReceiveData                          0x08000b5f   Thumb Code     6  stm32f10x_i2c.o(.text)
    I2C_Send7bitAddress                      0x08000b65   Thumb Code    18  stm32f10x_i2c.o(.text)
    I2C_ReadRegister                         0x08000b77   Thumb Code    16  stm32f10x_i2c.o(.text)
    I2C_SoftwareResetCmd                     0x08000b87   Thumb Code    24  stm32f10x_i2c.o(.text)
    I2C_NACKPositionConfig                   0x08000b9f   Thumb Code    26  stm32f10x_i2c.o(.text)
    I2C_SMBusAlertConfig                     0x08000bb9   Thumb Code    26  stm32f10x_i2c.o(.text)
    I2C_TransmitPEC                          0x08000bd3   Thumb Code    24  stm32f10x_i2c.o(.text)
    I2C_PECPositionConfig                    0x08000beb   Thumb Code    26  stm32f10x_i2c.o(.text)
    I2C_CalculatePEC                         0x08000c05   Thumb Code    24  stm32f10x_i2c.o(.text)
    I2C_GetPEC                               0x08000c1d   Thumb Code     6  stm32f10x_i2c.o(.text)
    I2C_ARPCmd                               0x08000c23   Thumb Code    24  stm32f10x_i2c.o(.text)
    I2C_StretchClockCmd                      0x08000c3b   Thumb Code    24  stm32f10x_i2c.o(.text)
    I2C_FastModeDutyCycleConfig              0x08000c53   Thumb Code    26  stm32f10x_i2c.o(.text)
    I2C_CheckEvent                           0x08000c6d   Thumb Code    24  stm32f10x_i2c.o(.text)
    I2C_GetLastEvent                         0x08000c85   Thumb Code    14  stm32f10x_i2c.o(.text)
    I2C_GetFlagStatus                        0x08000c93   Thumb Code    50  stm32f10x_i2c.o(.text)
    I2C_ClearFlag                            0x08000cc5   Thumb Code     6  stm32f10x_i2c.o(.text)
    I2C_GetITStatus                          0x08000ccb   Thumb Code    34  stm32f10x_i2c.o(.text)
    I2C_ClearITPendingBit                    0x08000ced   Thumb Code     6  stm32f10x_i2c.o(.text)
    RCC_DeInit                               0x08000d01   Thumb Code    50  stm32f10x_rcc.o(.text)
    RCC_HSEConfig                            0x08000d33   Thumb Code    50  stm32f10x_rcc.o(.text)
    RCC_GetFlagStatus                        0x08000d65   Thumb Code    42  stm32f10x_rcc.o(.text)
    RCC_WaitForHSEStartUp                    0x08000d8f   Thumb Code    48  stm32f10x_rcc.o(.text)
    RCC_AdjustHSICalibrationValue            0x08000dbf   Thumb Code    16  stm32f10x_rcc.o(.text)
    RCC_HSICmd                               0x08000dcf   Thumb Code     6  stm32f10x_rcc.o(.text)
    RCC_PLLConfig                            0x08000dd5   Thumb Code    16  stm32f10x_rcc.o(.text)
    RCC_PLLCmd                               0x08000de5   Thumb Code     6  stm32f10x_rcc.o(.text)
    RCC_SYSCLKConfig                         0x08000deb   Thumb Code    14  stm32f10x_rcc.o(.text)
    RCC_GetSYSCLKSource                      0x08000df9   Thumb Code    10  stm32f10x_rcc.o(.text)
    RCC_HCLKConfig                           0x08000e03   Thumb Code    14  stm32f10x_rcc.o(.text)
    RCC_PCLK1Config                          0x08000e11   Thumb Code    14  stm32f10x_rcc.o(.text)
    RCC_PCLK2Config                          0x08000e1f   Thumb Code    16  stm32f10x_rcc.o(.text)
    RCC_ITConfig                             0x08000e2f   Thumb Code    22  stm32f10x_rcc.o(.text)
    RCC_USBCLKConfig                         0x08000e45   Thumb Code     8  stm32f10x_rcc.o(.text)
    RCC_ADCCLKConfig                         0x08000e4d   Thumb Code    14  stm32f10x_rcc.o(.text)
    RCC_LSEConfig                            0x08000e5b   Thumb Code    36  stm32f10x_rcc.o(.text)
    RCC_LSICmd                               0x08000e7f   Thumb Code     6  stm32f10x_rcc.o(.text)
    RCC_RTCCLKConfig                         0x08000e85   Thumb Code    10  stm32f10x_rcc.o(.text)
    RCC_RTCCLKCmd                            0x08000e8f   Thumb Code     8  stm32f10x_rcc.o(.text)
    RCC_GetClocksFreq                        0x08000e97   Thumb Code   154  stm32f10x_rcc.o(.text)
    RCC_AHBPeriphClockCmd                    0x08000f31   Thumb Code    22  stm32f10x_rcc.o(.text)
    RCC_APB2PeriphClockCmd                   0x08000f47   Thumb Code    22  stm32f10x_rcc.o(.text)
    RCC_APB1PeriphClockCmd                   0x08000f5d   Thumb Code    22  stm32f10x_rcc.o(.text)
    RCC_APB2PeriphResetCmd                   0x08000f73   Thumb Code    22  stm32f10x_rcc.o(.text)
    RCC_APB1PeriphResetCmd                   0x08000f89   Thumb Code    22  stm32f10x_rcc.o(.text)
    RCC_BackupResetCmd                       0x08000f9f   Thumb Code     8  stm32f10x_rcc.o(.text)
    RCC_ClockSecuritySystemCmd               0x08000fa7   Thumb Code     6  stm32f10x_rcc.o(.text)
    RCC_MCOConfig                            0x08000fad   Thumb Code     6  stm32f10x_rcc.o(.text)
    RCC_ClearFlag                            0x08000fb3   Thumb Code    12  stm32f10x_rcc.o(.text)
    RCC_GetITStatus                          0x08000fbf   Thumb Code    16  stm32f10x_rcc.o(.text)
    RCC_ClearITPendingBit                    0x08000fcf   Thumb Code     6  stm32f10x_rcc.o(.text)
    TIM_DeInit                               0x08000ff5   Thumb Code   464  stm32f10x_tim.o(.text)
    TIM_TimeBaseInit                         0x080011c5   Thumb Code   114  stm32f10x_tim.o(.text)
    TIM_OC1Init                              0x08001237   Thumb Code   114  stm32f10x_tim.o(.text)
    TIM_OC2Init                              0x080012a9   Thumb Code   128  stm32f10x_tim.o(.text)
    TIM_OC3Init                              0x08001329   Thumb Code   124  stm32f10x_tim.o(.text)
    TIM_OC4Init                              0x080013a5   Thumb Code   160  stm32f10x_tim.o(.text)
    TIM_SetIC4Prescaler                      0x08001445   Thumb Code    24  stm32f10x_tim.o(.text)
    TIM_SetIC3Prescaler                      0x080014c3   Thumb Code    16  stm32f10x_tim.o(.text)
    TIM_SetIC2Prescaler                      0x08001535   Thumb Code    24  stm32f10x_tim.o(.text)
    TIM_SetIC1Prescaler                      0x080015b3   Thumb Code    16  stm32f10x_tim.o(.text)
    TIM_ICInit                               0x08001621   Thumb Code   114  stm32f10x_tim.o(.text)
    TIM_PWMIConfig                           0x08001693   Thumb Code   106  stm32f10x_tim.o(.text)
    TIM_BDTRConfig                           0x080016fd   Thumb Code    34  stm32f10x_tim.o(.text)
    TIM_TimeBaseStructInit                   0x0800171f   Thumb Code    18  stm32f10x_tim.o(.text)
    TIM_OCStructInit                         0x08001731   Thumb Code    20  stm32f10x_tim.o(.text)
    TIM_ICStructInit                         0x08001745   Thumb Code    16  stm32f10x_tim.o(.text)
    TIM_BDTRStructInit                       0x08001755   Thumb Code    18  stm32f10x_tim.o(.text)
    TIM_Cmd                                  0x08001767   Thumb Code    24  stm32f10x_tim.o(.text)
    TIM_CtrlPWMOutputs                       0x0800177f   Thumb Code    28  stm32f10x_tim.o(.text)
    TIM_ITConfig                             0x0800179b   Thumb Code    20  stm32f10x_tim.o(.text)
    TIM_GenerateEvent                        0x080017af   Thumb Code     4  stm32f10x_tim.o(.text)
    TIM_DMAConfig                            0x080017b3   Thumb Code     8  stm32f10x_tim.o(.text)
    TIM_DMACmd                               0x080017bb   Thumb Code    20  stm32f10x_tim.o(.text)
    TIM_InternalClockConfig                  0x080017cf   Thumb Code    10  stm32f10x_tim.o(.text)
    TIM_SelectInputTrigger                   0x080017d9   Thumb Code    12  stm32f10x_tim.o(.text)
    TIM_ITRxExternalClockConfig              0x080017e5   Thumb Code    20  stm32f10x_tim.o(.text)
    TIM_TIxExternalClockConfig               0x080017f9   Thumb Code    48  stm32f10x_tim.o(.text)
    TIM_ETRConfig                            0x08001829   Thumb Code    24  stm32f10x_tim.o(.text)
    TIM_ETRClockMode1Config                  0x08001841   Thumb Code    52  stm32f10x_tim.o(.text)
    TIM_ETRClockMode2Config                  0x08001875   Thumb Code    20  stm32f10x_tim.o(.text)
    TIM_PrescalerConfig                      0x08001889   Thumb Code     6  stm32f10x_tim.o(.text)
    TIM_CounterModeConfig                    0x0800188f   Thumb Code    12  stm32f10x_tim.o(.text)
    TIM_EncoderInterfaceConfig               0x0800189b   Thumb Code    50  stm32f10x_tim.o(.text)
    TIM_ForcedOC1Config                      0x080018cd   Thumb Code    12  stm32f10x_tim.o(.text)
    TIM_ForcedOC2Config                      0x080018d9   Thumb Code    20  stm32f10x_tim.o(.text)
    TIM_ForcedOC3Config                      0x080018ed   Thumb Code    12  stm32f10x_tim.o(.text)
    TIM_ForcedOC4Config                      0x080018f9   Thumb Code    20  stm32f10x_tim.o(.text)
    TIM_ARRPreloadConfig                     0x0800190d   Thumb Code    24  stm32f10x_tim.o(.text)
    TIM_SelectCOM                            0x08001925   Thumb Code    24  stm32f10x_tim.o(.text)
    TIM_SelectCCDMA                          0x0800193d   Thumb Code    24  stm32f10x_tim.o(.text)
    TIM_CCPreloadControl                     0x08001955   Thumb Code    24  stm32f10x_tim.o(.text)
    TIM_OC1PreloadConfig                     0x0800196d   Thumb Code    12  stm32f10x_tim.o(.text)
    TIM_OC2PreloadConfig                     0x08001979   Thumb Code    20  stm32f10x_tim.o(.text)
    TIM_OC3PreloadConfig                     0x0800198d   Thumb Code    12  stm32f10x_tim.o(.text)
    TIM_OC4PreloadConfig                     0x08001999   Thumb Code    20  stm32f10x_tim.o(.text)
    TIM_OC1FastConfig                        0x080019ad   Thumb Code    12  stm32f10x_tim.o(.text)
    TIM_OC2FastConfig                        0x080019b9   Thumb Code    20  stm32f10x_tim.o(.text)
    TIM_OC3FastConfig                        0x080019cd   Thumb Code    12  stm32f10x_tim.o(.text)
    TIM_OC4FastConfig                        0x080019d9   Thumb Code    20  stm32f10x_tim.o(.text)
    TIM_ClearOC1Ref                          0x080019ed   Thumb Code    12  stm32f10x_tim.o(.text)
    TIM_ClearOC2Ref                          0x080019f9   Thumb Code    20  stm32f10x_tim.o(.text)
    TIM_ClearOC3Ref                          0x08001a0d   Thumb Code    12  stm32f10x_tim.o(.text)
    TIM_ClearOC4Ref                          0x08001a19   Thumb Code    20  stm32f10x_tim.o(.text)
    TIM_OC1PolarityConfig                    0x08001a2d   Thumb Code    12  stm32f10x_tim.o(.text)
    TIM_OC1NPolarityConfig                   0x08001a39   Thumb Code    12  stm32f10x_tim.o(.text)
    TIM_OC2PolarityConfig                    0x08001a45   Thumb Code    20  stm32f10x_tim.o(.text)
    TIM_OC2NPolarityConfig                   0x08001a59   Thumb Code    20  stm32f10x_tim.o(.text)
    TIM_OC3PolarityConfig                    0x08001a6d   Thumb Code    20  stm32f10x_tim.o(.text)
    TIM_OC3NPolarityConfig                   0x08001a81   Thumb Code    20  stm32f10x_tim.o(.text)
    TIM_OC4PolarityConfig                    0x08001a95   Thumb Code    20  stm32f10x_tim.o(.text)
    TIM_CCxCmd                               0x08001aa9   Thumb Code    22  stm32f10x_tim.o(.text)
    TIM_CCxNCmd                              0x08001abf   Thumb Code    22  stm32f10x_tim.o(.text)
    TIM_SelectOCxM                           0x08001ad5   Thumb Code    76  stm32f10x_tim.o(.text)
    TIM_UpdateDisableConfig                  0x08001b21   Thumb Code    24  stm32f10x_tim.o(.text)
    TIM_UpdateRequestConfig                  0x08001b39   Thumb Code    24  stm32f10x_tim.o(.text)
    TIM_SelectHallSensor                     0x08001b51   Thumb Code    24  stm32f10x_tim.o(.text)
    TIM_SelectOnePulseMode                   0x08001b69   Thumb Code    16  stm32f10x_tim.o(.text)
    TIM_SelectOutputTrigger                  0x08001b79   Thumb Code    16  stm32f10x_tim.o(.text)
    TIM_SelectSlaveMode                      0x08001b89   Thumb Code    16  stm32f10x_tim.o(.text)
    TIM_SelectMasterSlaveMode                0x08001b99   Thumb Code    16  stm32f10x_tim.o(.text)
    TIM_SetCounter                           0x08001ba9   Thumb Code     4  stm32f10x_tim.o(.text)
    TIM_SetAutoreload                        0x08001bad   Thumb Code     4  stm32f10x_tim.o(.text)
    TIM_SetCompare1                          0x08001bb1   Thumb Code     4  stm32f10x_tim.o(.text)
    TIM_SetCompare2                          0x08001bb5   Thumb Code     4  stm32f10x_tim.o(.text)
    TIM_SetCompare3                          0x08001bb9   Thumb Code     4  stm32f10x_tim.o(.text)
    TIM_SetCompare4                          0x08001bbd   Thumb Code     6  stm32f10x_tim.o(.text)
    TIM_SetClockDivision                     0x08001bc3   Thumb Code    16  stm32f10x_tim.o(.text)
    TIM_GetCapture1                          0x08001bd3   Thumb Code     4  stm32f10x_tim.o(.text)
    TIM_GetCapture2                          0x08001bd7   Thumb Code     4  stm32f10x_tim.o(.text)
    TIM_GetCapture3                          0x08001bdb   Thumb Code     4  stm32f10x_tim.o(.text)
    TIM_GetCapture4                          0x08001bdf   Thumb Code     6  stm32f10x_tim.o(.text)
    TIM_GetCounter                           0x08001be5   Thumb Code     4  stm32f10x_tim.o(.text)
    TIM_GetPrescaler                         0x08001be9   Thumb Code     4  stm32f10x_tim.o(.text)
    TIM_GetFlagStatus                        0x08001bed   Thumb Code    14  stm32f10x_tim.o(.text)
    TIM_ClearFlag                            0x08001bfb   Thumb Code     6  stm32f10x_tim.o(.text)
    TIM_GetITStatus                          0x08001c01   Thumb Code    24  stm32f10x_tim.o(.text)
    TIM_ClearITPendingBit                    0x08001c19   Thumb Code     6  stm32f10x_tim.o(.text)
    USART_DeInit                             0x08001c21   Thumb Code   144  stm32f10x_usart.o(.text)
    USART_Init                               0x08001cb1   Thumb Code   182  stm32f10x_usart.o(.text)
    USART_StructInit                         0x08001d67   Thumb Code    22  stm32f10x_usart.o(.text)
    USART_ClockInit                          0x08001d7d   Thumb Code    30  stm32f10x_usart.o(.text)
    USART_ClockStructInit                    0x08001d9b   Thumb Code    12  stm32f10x_usart.o(.text)
    USART_Cmd                                0x08001da7   Thumb Code    24  stm32f10x_usart.o(.text)
    USART_ITConfig                           0x08001dbf   Thumb Code    54  stm32f10x_usart.o(.text)
    USART_DMACmd                             0x08001df5   Thumb Code    20  stm32f10x_usart.o(.text)
    USART_SetAddress                         0x08001e09   Thumb Code    16  stm32f10x_usart.o(.text)
    USART_WakeUpConfig                       0x08001e19   Thumb Code    16  stm32f10x_usart.o(.text)
    USART_ReceiverWakeUpCmd                  0x08001e29   Thumb Code    24  stm32f10x_usart.o(.text)
    USART_LINBreakDetectLengthConfig         0x08001e41   Thumb Code    16  stm32f10x_usart.o(.text)
    USART_LINCmd                             0x08001e51   Thumb Code    24  stm32f10x_usart.o(.text)
    USART_SendData                           0x08001e69   Thumb Code     8  stm32f10x_usart.o(.text)
    USART_ReceiveData                        0x08001e71   Thumb Code     8  stm32f10x_usart.o(.text)
    USART_SendBreak                          0x08001e79   Thumb Code    10  stm32f10x_usart.o(.text)
    USART_SetGuardTime                       0x08001e83   Thumb Code    16  stm32f10x_usart.o(.text)
    USART_SetPrescaler                       0x08001e93   Thumb Code    16  stm32f10x_usart.o(.text)
    USART_SmartCardCmd                       0x08001ea3   Thumb Code    24  stm32f10x_usart.o(.text)
    USART_SmartCardNACKCmd                   0x08001ebb   Thumb Code    24  stm32f10x_usart.o(.text)
    USART_HalfDuplexCmd                      0x08001ed3   Thumb Code    24  stm32f10x_usart.o(.text)
    USART_OverSampling8Cmd                   0x08001eeb   Thumb Code    24  stm32f10x_usart.o(.text)
    USART_OneBitMethodCmd                    0x08001f03   Thumb Code    24  stm32f10x_usart.o(.text)
    USART_IrDAConfig                         0x08001f1b   Thumb Code    16  stm32f10x_usart.o(.text)
    USART_IrDACmd                            0x08001f2b   Thumb Code    24  stm32f10x_usart.o(.text)
    USART_GetFlagStatus                      0x08001f43   Thumb Code    14  stm32f10x_usart.o(.text)
    USART_ClearFlag                          0x08001f51   Thumb Code     8  stm32f10x_usart.o(.text)
    USART_GetITStatus                        0x08001f59   Thumb Code    64  stm32f10x_usart.o(.text)
    USART_ClearITPendingBit                  0x08001f99   Thumb Code    16  stm32f10x_usart.o(.text)
    Timer_Init                               0x08001fbd   Thumb Code   118  timer.o(.text)
    MPU6050_WaitEvent                        0x08002039   Thumb Code    32  mpu6050.o(.text)
    MPU6050_WriteReg                         0x08002059   Thumb Code    90  mpu6050.o(.text)
    MPU6050_ReadReg                          0x080020b3   Thumb Code   140  mpu6050.o(.text)
    MPU6050_Init                             0x0800213f   Thumb Code   156  mpu6050.o(.text)
    MPU6050_GetData                          0x080021db   Thumb Code   126  mpu6050.o(.text)
    Trans_Fused_data                         0x08002269   Thumb Code   256  mpu_data_process.o(.text)
    Motor_Init                               0x0800237d   Thumb Code    66  motor.o(.text)
    Motor1_SetSpeed                          0x080023bf   Thumb Code    64  motor.o(.text)
    Motor2_SetSpeed                          0x080023ff   Thumb Code    64  motor.o(.text)
    Encoder_Init                             0x08002449   Thumb Code   252  encoder.o(.text)
    Encoder1_Get                             0x08002545   Thumb Code    26  encoder.o(.text)
    Encoder2_Get                             0x0800255f   Thumb Code    24  encoder.o(.text)
    TIM1_PWM_Init                            0x08002585   Thumb Code   158  pwm.o(.text)
    PWM_SetCompare1                          0x08002623   Thumb Code     8  pwm.o(.text)
    PWM_SetCompare3                          0x0800262b   Thumb Code     8  pwm.o(.text)
    AD_Init                                  0x0800263d   Thumb Code   132  ad.o(.text)
    AD_GetValue                              0x080026c1   Thumb Code    46  ad.o(.text)
    OLED_W_SCL                               0x080026f9   Thumb Code    12  oled.o(.text)
    OLED_W_SDA                               0x08002705   Thumb Code    12  oled.o(.text)
    OLED_GPIO_Init                           0x08002711   Thumb Code    88  oled.o(.text)
    OLED_I2C_Start                           0x08002769   Thumb Code    28  oled.o(.text)
    OLED_I2C_Stop                            0x08002785   Thumb Code    22  oled.o(.text)
    OLED_I2C_SendByte                        0x0800279b   Thumb Code    56  oled.o(.text)
    OLED_WriteCommand                        0x080027d3   Thumb Code    32  oled.o(.text)
    OLED_WriteData                           0x080027f3   Thumb Code    46  oled.o(.text)
    OLED_Init                                0x08002821   Thumb Code   146  oled.o(.text)
    OLED_SetCursor                           0x080028b3   Thumb Code    32  oled.o(.text)
    OLED_Pow                                 0x080028d3   Thumb Code    16  oled.o(.text)
    OLED_pnpoly                              0x080028e3   Thumb Code   112  oled.o(.text)
    OLED_IsInAngle                           0x08002953   Thumb Code    88  oled.o(.text)
    OLED_Update                              0x080029ab   Thumb Code    34  oled.o(.text)
    OLED_UpdateArea                          0x080029cd   Thumb Code    96  oled.o(.text)
    OLED_Clear                               0x08002a2d   Thumb Code    34  oled.o(.text)
    OLED_ClearArea                           0x08002a4f   Thumb Code    92  oled.o(.text)
    OLED_Reverse                             0x08002aab   Thumb Code    36  oled.o(.text)
    OLED_ReverseArea                         0x08002acf   Thumb Code   114  oled.o(.text)
    OLED_ShowImage                           0x08002b41   Thumb Code   162  oled.o(.text)
    OLED_ShowChar                            0x08002be3   Thumb Code    52  oled.o(.text)
    OLED_ShowString                          0x08002c17   Thumb Code    42  oled.o(.text)
    OLED_ShowNum                             0x08002c41   Thumb Code    72  oled.o(.text)
    OLED_ShowSignedNum                       0x08002c89   Thumb Code   102  oled.o(.text)
    OLED_ShowHexNum                          0x08002cef   Thumb Code    90  oled.o(.text)
    OLED_ShowBinNum                          0x08002d49   Thumb Code    66  oled.o(.text)
    OLED_ShowFloatNum                        0x08002d8b   Thumb Code   184  oled.o(.text)
    OLED_ShowChinese                         0x08002e43   Thumb Code   130  oled.o(.text)
    OLED_Printf                              0x08002ec5   Thumb Code    42  oled.o(.text)
    OLED_DrawPoint                           0x08002eef   Thumb Code    34  oled.o(.text)
    OLED_GetPoint                            0x08002f11   Thumb Code    46  oled.o(.text)
    OLED_DrawLine                            0x08002f3f   Thumb Code   352  oled.o(.text)
    OLED_DrawRectangle                       0x0800309f   Thumb Code   118  oled.o(.text)
    OLED_DrawTriangle                        0x08003115   Thumb Code   194  oled.o(.text)
    OLED_DrawCircle                          0x080031d7   Thumb Code   354  oled.o(.text)
    OLED_DrawEllipse                         0x08003339   Thumb Code   736  oled.o(.text)
    OLED_DrawArc                             0x08003619   Thumb Code   588  oled.o(.text)
    main                                     0x08003865   Thumb Code   310  main.o(.text)
    TIM4_IRQHandler                          0x0800399b   Thumb Code   184  main.o(.text)
    NMI_Handler                              0x08003abd   Thumb Code     2  stm32f10x_it.o(.text)
    HardFault_Handler                        0x08003abf   Thumb Code     2  stm32f10x_it.o(.text)
    MemManage_Handler                        0x08003ac1   Thumb Code     2  stm32f10x_it.o(.text)
    BusFault_Handler                         0x08003ac3   Thumb Code     2  stm32f10x_it.o(.text)
    UsageFault_Handler                       0x08003ac5   Thumb Code     2  stm32f10x_it.o(.text)
    SVC_Handler                              0x08003ac7   Thumb Code     2  stm32f10x_it.o(.text)
    DebugMon_Handler                         0x08003ac9   Thumb Code     2  stm32f10x_it.o(.text)
    PendSV_Handler                           0x08003acb   Thumb Code     2  stm32f10x_it.o(.text)
    SysTick_Handler                          0x08003acd   Thumb Code     2  stm32f10x_it.o(.text)
    Serial_Init                              0x08003ad1   Thumb Code   100  serial.o(.text)
    Serial_SendByte                          0x08003b35   Thumb Code    26  serial.o(.text)
    Serial_SendArray                         0x08003b4f   Thumb Code    26  serial.o(.text)
    Serial_SendString                        0x08003b69   Thumb Code    24  serial.o(.text)
    Serial_Pow                               0x08003b81   Thumb Code    16  serial.o(.text)
    Serial_SendNumber                        0x08003b91   Thumb Code    54  serial.o(.text)
    fputc                                    0x08003bc7   Thumb Code    14  serial.o(.text)
    Serial_Printf                            0x08003bd5   Thumb Code    28  serial.o(.text)
    strcmp                                   0x08003bf9   Thumb Code    28  strcmp.o(.text)
    __aeabi_fadd                             0x08003c15   Thumb Code   164  fadd.o(.text)
    __aeabi_fsub                             0x08003cb9   Thumb Code     6  fadd.o(.text)
    __aeabi_frsub                            0x08003cbf   Thumb Code     6  fadd.o(.text)
    __aeabi_fmul                             0x08003cc5   Thumb Code   100  fmul.o(.text)
    __aeabi_dadd                             0x08003d29   Thumb Code   322  dadd.o(.text)
    __aeabi_dsub                             0x08003e6b   Thumb Code     6  dadd.o(.text)
    __aeabi_drsub                            0x08003e71   Thumb Code     6  dadd.o(.text)
    __aeabi_dmul                             0x08003e77   Thumb Code   228  dmul.o(.text)
    __aeabi_ddiv                             0x08003f5b   Thumb Code   222  ddiv.o(.text)
    __ARM_scalbn                             0x08004039   Thumb Code    46  dscalb.o(.text)
    scalbn                                   0x08004039   Thumb Code     0  dscalb.o(.text)
    __aeabi_i2f                              0x08004067   Thumb Code    18  fflti.o(.text)
    __aeabi_i2d                              0x08004079   Thumb Code    34  dflti.o(.text)
    __aeabi_ui2d                             0x0800409b   Thumb Code    26  dfltui.o(.text)
    __aeabi_f2iz                             0x080040b5   Thumb Code    50  ffixi.o(.text)
    __aeabi_d2iz                             0x080040e7   Thumb Code    62  dfixi.o(.text)
    __aeabi_d2uiz                            0x08004125   Thumb Code    50  dfixui.o(.text)
    __aeabi_f2d                              0x08004157   Thumb Code    38  f2d.o(.text)
    __aeabi_cdcmpeq                          0x0800417d   Thumb Code     0  cdcmple.o(.text)
    __aeabi_cdcmple                          0x0800417d   Thumb Code    48  cdcmple.o(.text)
    __aeabi_cdrcmple                         0x080041ad   Thumb Code    48  cdrcmple.o(.text)
    __aeabi_d2f                              0x080041dd   Thumb Code    56  d2f.o(.text)
    __aeabi_uidiv                            0x08004215   Thumb Code     0  uidiv.o(.text)
    __aeabi_uidivmod                         0x08004215   Thumb Code    44  uidiv.o(.text)
    __aeabi_uldivmod                         0x08004241   Thumb Code    98  uldiv.o(.text)
    __aeabi_llsl                             0x080042a3   Thumb Code    30  llshl.o(.text)
    _ll_shift_l                              0x080042a3   Thumb Code     0  llshl.o(.text)
    __aeabi_llsr                             0x080042c1   Thumb Code    32  llushr.o(.text)
    _ll_ushift_r                             0x080042c1   Thumb Code     0  llushr.o(.text)
    __aeabi_lasr                             0x080042e1   Thumb Code    36  llsshr.o(.text)
    _ll_sshift_r                             0x080042e1   Thumb Code     0  llsshr.o(.text)
    __I$use$fp                               0x08004305   Thumb Code     0  iusefp.o(.text)
    _float_round                             0x08004305   Thumb Code    18  fepilogue.o(.text)
    _float_epilogue                          0x08004317   Thumb Code    92  fepilogue.o(.text)
    _double_round                            0x08004373   Thumb Code    30  depilogue.o(.text)
    _double_epilogue                         0x08004391   Thumb Code   156  depilogue.o(.text)
    _dsqrt                                   0x0800442d   Thumb Code   162  dsqrt.o(.text)
    __aeabi_d2ulz                            0x080044cf   Thumb Code    48  dfixul.o(.text)
    __scatterload                            0x08004501   Thumb Code    28  init.o(.text)
    __scatterload_rt2                        0x08004501   Thumb Code     0  init.o(.text)
    __0vsprintf                              0x08004525   Thumb Code    30  printfa.o(i.__0vsprintf)
    __1vsprintf                              0x08004525   Thumb Code     0  printfa.o(i.__0vsprintf)
    __2vsprintf                              0x08004525   Thumb Code     0  printfa.o(i.__0vsprintf)
    __c89vsprintf                            0x08004525   Thumb Code     0  printfa.o(i.__0vsprintf)
    vsprintf                                 0x08004525   Thumb Code     0  printfa.o(i.__0vsprintf)
    __ARM_fpclassify                         0x08004549   Thumb Code    40  fpclassify.o(i.__ARM_fpclassify)
    __kernel_poly                            0x08004571   Thumb Code   170  poly.o(i.__kernel_poly)
    __mathlib_dbl_infnan                     0x0800461b   Thumb Code     6  dunder.o(i.__mathlib_dbl_infnan)
    __mathlib_dbl_infnan2                    0x08004621   Thumb Code     4  dunder.o(i.__mathlib_dbl_infnan2)
    __mathlib_dbl_underflow                  0x08004625   Thumb Code    10  dunder.o(i.__mathlib_dbl_underflow)
    __scatterload_copy                       0x08004635   Thumb Code    14  handlers.o(i.__scatterload_copy)
    __scatterload_null                       0x08004643   Thumb Code     2  handlers.o(i.__scatterload_null)
    __scatterload_zeroinit                   0x08004645   Thumb Code    14  handlers.o(i.__scatterload_zeroinit)
    __set_errno                              0x08004655   Thumb Code     6  errno.o(i.__set_errno)
    atan                                     0x08004f1d   Thumb Code   474  atan.o(i.atan)
    atan2                                    0x0800513d   Thumb Code   346  atan2.o(i.atan2)
    sqrt                                     0x080052bd   Thumb Code    76  sqrt.o(i.sqrt)
    OLED_F8x16                               0x08005308   Data        1520  oled_data.o(.constdata)
    OLED_F6x8                                0x080058f8   Data         570  oled_data.o(.constdata)
    OLED_CF16x16                             0x08005b32   Data        2772  oled_data.o(.constdata)
    __mathlib_zero                           0x080066a0   Data           8  qnan.o(.constdata)
    Region$$Table$$Base                      0x080066a8   Number         0  anon$$obj.o(Region$$Table)
    Region$$Table$$Limit                     0x080066c8   Number         0  anon$$obj.o(Region$$Table)
    SystemCoreClock                          0x20000000   Data           4  system_stm32f10x.o(.data)
    AHBPrescTable                            0x20000004   Data          16  system_stm32f10x.o(.data)
    Pitch                                    0x20000030   Data           4  main.o(.data)
    init_data                                0x20000038   Data          12  mpu_data_process.o(.bss)
    physical_data                            0x20000044   Data          24  mpu_data_process.o(.bss)
    OLED_DisplayBuf                          0x2000005c   Data        1024  oled.o(.bss)
    pid_angle                                0x2000045c   Data          28  main.o(.bss)
    __initial_sp                             0x20000878   Data           0  startup_stm32f10x_md.o(STACK)



==============================================================================

Memory Map of the image

  Image Entry point : 0x080000ed

  Load Region LR_IROM1 (Base: 0x08000000, Size: 0x00006700, Max: 0x00010000, ABSOLUTE)

    Execution Region ER_IROM1 (Exec base: 0x08000000, Load base: 0x08000000, Size: 0x000066c8, Max: 0x00010000, ABSOLUTE)

    Exec Addr    Load Addr    Size         Type   Attr      Idx    E Section Name        Object

    0x08000000   0x08000000   0x000000ec   Data   RO            3    RESET               startup_stm32f10x_md.o
    0x080000ec   0x080000ec   0x00000000   Code   RO          745  * .ARM.Collect$$$$00000000  mc_w.l(entry.o)
    0x080000ec   0x080000ec   0x00000004   Code   RO          835    .ARM.Collect$$$$00000001  mc_w.l(entry2.o)
    0x080000f0   0x080000f0   0x00000004   Code   RO          838    .ARM.Collect$$$$00000004  mc_w.l(entry5.o)
    0x080000f4   0x080000f4   0x00000000   Code   RO          840    .ARM.Collect$$$$00000008  mc_w.l(entry7b.o)
    0x080000f4   0x080000f4   0x00000000   Code   RO          842    .ARM.Collect$$$$0000000A  mc_w.l(entry8b.o)
    0x080000f4   0x080000f4   0x00000008   Code   RO          843    .ARM.Collect$$$$0000000B  mc_w.l(entry9a.o)
    0x080000fc   0x080000fc   0x00000000   Code   RO          845    .ARM.Collect$$$$0000000D  mc_w.l(entry10a.o)
    0x080000fc   0x080000fc   0x00000000   Code   RO          847    .ARM.Collect$$$$0000000F  mc_w.l(entry11a.o)
    0x080000fc   0x080000fc   0x00000004   Code   RO          836    .ARM.Collect$$$$00002712  mc_w.l(entry2.o)
    0x08000100   0x08000100   0x00000024   Code   RO            4    .text               startup_stm32f10x_md.o
    0x08000124   0x08000124   0x00000174   Code   RO           24    .text               system_stm32f10x.o
    0x08000298   0x08000298   0x000000b8   Code   RO          121    .text               misc.o
    0x08000350   0x08000350   0x00000388   Code   RO          156    .text               stm32f10x_adc.o
    0x080006d8   0x080006d8   0x00000298   Code   RO          324    .text               stm32f10x_gpio.o
    0x08000970   0x08000970   0x00000390   Code   RO          339    .text               stm32f10x_i2c.o
    0x08000d00   0x08000d00   0x000002f4   Code   RO          384    .text               stm32f10x_rcc.o
    0x08000ff4   0x08000ff4   0x00000c2a   Code   RO          446    .text               stm32f10x_tim.o
    0x08001c1e   0x08001c1e   0x00000002   PAD
    0x08001c20   0x08001c20   0x0000039c   Code   RO          461    .text               stm32f10x_usart.o
    0x08001fbc   0x08001fbc   0x0000007c   Code   RO          503    .text               timer.o
    0x08002038   0x08002038   0x00000230   Code   RO          515    .text               mpu6050.o
    0x08002268   0x08002268   0x00000114   Code   RO          533    .text               mpu_data_process.o
    0x0800237c   0x0800237c   0x000000cc   Code   RO          552    .text               motor.o
    0x08002448   0x08002448   0x0000013c   Code   RO          567    .text               encoder.o
    0x08002584   0x08002584   0x000000b8   Code   RO          579    .text               pwm.o
    0x0800263c   0x0800263c   0x000000bc   Code   RO          591    .text               ad.o
    0x080026f8   0x080026f8   0x0000116c   Code   RO          603    .text               oled.o
    0x08003864   0x08003864   0x00000258   Code   RO          650    .text               main.o
    0x08003abc   0x08003abc   0x00000012   Code   RO          698    .text               stm32f10x_it.o
    0x08003ace   0x08003ace   0x00000002   PAD
    0x08003ad0   0x08003ad0   0x00000128   Code   RO          713    .text               serial.o
    0x08003bf8   0x08003bf8   0x0000001c   Code   RO          748    .text               mc_w.l(strcmp.o)
    0x08003c14   0x08003c14   0x000000b0   Code   RO          778    .text               mf_w.l(fadd.o)
    0x08003cc4   0x08003cc4   0x00000064   Code   RO          780    .text               mf_w.l(fmul.o)
    0x08003d28   0x08003d28   0x0000014e   Code   RO          782    .text               mf_w.l(dadd.o)
    0x08003e76   0x08003e76   0x000000e4   Code   RO          784    .text               mf_w.l(dmul.o)
    0x08003f5a   0x08003f5a   0x000000de   Code   RO          786    .text               mf_w.l(ddiv.o)
    0x08004038   0x08004038   0x0000002e   Code   RO          788    .text               mf_w.l(dscalb.o)
    0x08004066   0x08004066   0x00000012   Code   RO          790    .text               mf_w.l(fflti.o)
    0x08004078   0x08004078   0x00000022   Code   RO          792    .text               mf_w.l(dflti.o)
    0x0800409a   0x0800409a   0x0000001a   Code   RO          794    .text               mf_w.l(dfltui.o)
    0x080040b4   0x080040b4   0x00000032   Code   RO          796    .text               mf_w.l(ffixi.o)
    0x080040e6   0x080040e6   0x0000003e   Code   RO          798    .text               mf_w.l(dfixi.o)
    0x08004124   0x08004124   0x00000032   Code   RO          800    .text               mf_w.l(dfixui.o)
    0x08004156   0x08004156   0x00000026   Code   RO          802    .text               mf_w.l(f2d.o)
    0x0800417c   0x0800417c   0x00000030   Code   RO          804    .text               mf_w.l(cdcmple.o)
    0x080041ac   0x080041ac   0x00000030   Code   RO          806    .text               mf_w.l(cdrcmple.o)
    0x080041dc   0x080041dc   0x00000038   Code   RO          808    .text               mf_w.l(d2f.o)
    0x08004214   0x08004214   0x0000002c   Code   RO          850    .text               mc_w.l(uidiv.o)
    0x08004240   0x08004240   0x00000062   Code   RO          852    .text               mc_w.l(uldiv.o)
    0x080042a2   0x080042a2   0x0000001e   Code   RO          854    .text               mc_w.l(llshl.o)
    0x080042c0   0x080042c0   0x00000020   Code   RO          856    .text               mc_w.l(llushr.o)
    0x080042e0   0x080042e0   0x00000024   Code   RO          858    .text               mc_w.l(llsshr.o)
    0x08004304   0x08004304   0x00000000   Code   RO          867    .text               mc_w.l(iusefp.o)
    0x08004304   0x08004304   0x0000006e   Code   RO          868    .text               mf_w.l(fepilogue.o)
    0x08004372   0x08004372   0x000000ba   Code   RO          870    .text               mf_w.l(depilogue.o)
    0x0800442c   0x0800442c   0x000000a2   Code   RO          872    .text               mf_w.l(dsqrt.o)
    0x080044ce   0x080044ce   0x00000030   Code   RO          874    .text               mf_w.l(dfixul.o)
    0x080044fe   0x080044fe   0x00000002   PAD
    0x08004500   0x08004500   0x00000024   Code   RO          880    .text               mc_w.l(init.o)
    0x08004524   0x08004524   0x00000024   Code   RO          757    i.__0vsprintf       mc_w.l(printfa.o)
    0x08004548   0x08004548   0x00000028   Code   RO          876    i.__ARM_fpclassify  m_ws.l(fpclassify.o)
    0x08004570   0x08004570   0x000000aa   Code   RO          878    i.__kernel_poly     m_ws.l(poly.o)
    0x0800461a   0x0800461a   0x00000006   Code   RO          821    i.__mathlib_dbl_infnan  m_ws.l(dunder.o)
    0x08004620   0x08004620   0x00000004   Code   RO          822    i.__mathlib_dbl_infnan2  m_ws.l(dunder.o)
    0x08004624   0x08004624   0x00000010   Code   RO          826    i.__mathlib_dbl_underflow  m_ws.l(dunder.o)
    0x08004634   0x08004634   0x0000000e   Code   RO          884    i.__scatterload_copy  mc_w.l(handlers.o)
    0x08004642   0x08004642   0x00000002   Code   RO          885    i.__scatterload_null  mc_w.l(handlers.o)
    0x08004644   0x08004644   0x0000000e   Code   RO          886    i.__scatterload_zeroinit  mc_w.l(handlers.o)
    0x08004652   0x08004652   0x00000002   PAD
    0x08004654   0x08004654   0x0000000c   Code   RO          862    i.__set_errno       mc_w.l(errno.o)
    0x08004660   0x08004660   0x00000184   Code   RO          758    i._fp_digits        mc_w.l(printfa.o)
    0x080047e4   0x080047e4   0x000006dc   Code   RO          759    i._printf_core      mc_w.l(printfa.o)
    0x08004ec0   0x08004ec0   0x00000024   Code   RO          760    i._printf_post_padding  mc_w.l(printfa.o)
    0x08004ee4   0x08004ee4   0x0000002e   Code   RO          761    i._printf_pre_padding  mc_w.l(printfa.o)
    0x08004f12   0x08004f12   0x0000000a   Code   RO          763    i._sputc            mc_w.l(printfa.o)
    0x08004f1c   0x08004f1c   0x00000220   Code   RO          811    i.atan              m_ws.l(atan.o)
    0x0800513c   0x0800513c   0x00000180   Code   RO          730    i.atan2             m_ws.l(atan2.o)
    0x080052bc   0x080052bc   0x0000004c   Code   RO          738    i.sqrt              m_ws.l(sqrt.o)
    0x08005308   0x08005308   0x000005f0   Data   RO          635    .constdata          oled_data.o
    0x080058f8   0x080058f8   0x0000023a   Data   RO          636    .constdata          oled_data.o
    0x08005b32   0x08005b32   0x00000ad4   Data   RO          637    .constdata          oled_data.o
    0x08006606   0x08006606   0x00000002   PAD
    0x08006608   0x08006608   0x00000098   Data   RO          812    .constdata          m_ws.l(atan.o)
    0x080066a0   0x080066a0   0x00000008   Data   RO          834    .constdata          m_ws.l(qnan.o)
    0x080066a8   0x080066a8   0x00000020   Data   RO          882    Region$$Table       anon$$obj.o


    Execution Region RW_IRAM1 (Exec base: 0x20000000, Load base: 0x080066c8, Size: 0x00000878, Max: 0x00005000, ABSOLUTE)

    Exec Addr    Load Addr    Size         Type   Attr      Idx    E Section Name        Object

    0x20000000   0x080066c8   0x00000014   Data   RW           25    .data               system_stm32f10x.o
    0x20000014   0x080066dc   0x00000014   Data   RW          385    .data               stm32f10x_rcc.o
    0x20000028   0x080066f0   0x0000000c   Data   RW          652    .data               main.o
    0x20000034   0x080066fc   0x00000004   Data   RW          863    .data               mc_w.l(errno.o)
    0x20000038        -       0x00000024   Zero   RW          534    .bss                mpu_data_process.o
    0x2000005c        -       0x00000400   Zero   RW          604    .bss                oled.o
    0x2000045c        -       0x0000001c   Zero   RW          651    .bss                main.o
    0x20000478        -       0x00000400   Zero   RW            1    STACK               startup_stm32f10x_md.o


==============================================================================

Image component sizes


      Code (inc. data)   RO Data    RW Data    ZI Data      Debug   Object Name

       188         10          0          0          0        770   ad.o
         0          0          0          0          0       4508   core_cm3.o
       316         14          0          0          0       1017   encoder.o
       600        106          0         12         28       1605   main.o
       184         12          0          0          0     214105   misc.o
       204         10          0          0          0        989   motor.o
       560         16          0          0          0       2530   mpu6050.o
       276         20          0          0         36        921   mpu_data_process.o
      4460         44          0          0       1024      16252   oled.o
         0          0       4862          0          0       1018   oled_data.o
       184         10          0          0          0        976   pwm.o
       296          8          0          0          0       3690   serial.o
        36          8        236          0       1024        788   startup_stm32f10x_md.o
       904         24          0          0          0      22333   stm32f10x_adc.o
       664         36          0          0          0      14409   stm32f10x_gpio.o
       912         14          0          0          0      17707   stm32f10x_i2c.o
        18          0          0          0          0       1154   stm32f10x_it.o
       756         32          0         20          0      17880   stm32f10x_rcc.o
      3114         84          0          0          0      45288   stm32f10x_tim.o
       924         20          0          0          0      15052   stm32f10x_usart.o
       372         34          0         20          0      52943   system_stm32f10x.o
       124          6          0          0          0        525   timer.o

    ----------------------------------------------------------------------
     15096        508       5132         52       2112     436460   Object Totals
         0          0         32          0          0          0   (incl. Generated)
         4          0          2          0          0          0   (incl. Padding)

    ----------------------------------------------------------------------

      Code (inc. data)   RO Data    RW Data    ZI Data      Debug   Library Member Name

       544         70        152          0          0        124   atan.o
       384         38          0          0          0        144   atan2.o
        26          6          0          0          0        204   dunder.o
        40          0          0          0          0         68   fpclassify.o
       170          0          0          0          0         96   poly.o
         0          0          8          0          0          0   qnan.o
        76          0          0          0          0         84   sqrt.o
         0          0          0          0          0          0   entry.o
         0          0          0          0          0          0   entry10a.o
         0          0          0          0          0          0   entry11a.o
         8          4          0          0          0          0   entry2.o
         4          0          0          0          0          0   entry5.o
         0          0          0          0          0          0   entry7b.o
         0          0          0          0          0          0   entry8b.o
         8          4          0          0          0          0   entry9a.o
        12          6          0          4          0         68   errno.o
        30          0          0          0          0          0   handlers.o
        36          8          0          0          0         68   init.o
         0          0          0          0          0          0   iusefp.o
        30          0          0          0          0         68   llshl.o
        36          0          0          0          0         68   llsshr.o
        32          0          0          0          0         68   llushr.o
      2272         86          0          0          0        516   printfa.o
        28          0          0          0          0         76   strcmp.o
        44          0          0          0          0         80   uidiv.o
        98          0          0          0          0         92   uldiv.o
        48          0          0          0          0         68   cdcmple.o
        48          0          0          0          0         68   cdrcmple.o
        56          0          0          0          0         88   d2f.o
       334          0          0          0          0        148   dadd.o
       222          0          0          0          0        100   ddiv.o
       186          0          0          0          0        176   depilogue.o
        62          0          0          0          0         80   dfixi.o
        50          0          0          0          0         76   dfixui.o
        48          0          0          0          0         68   dfixul.o
        34          0          0          0          0         76   dflti.o
        26          0          0          0          0         76   dfltui.o
       228          0          0          0          0         96   dmul.o
        46          0          0          0          0         80   dscalb.o
       162          0          0          0          0        100   dsqrt.o
        38          0          0          0          0         68   f2d.o
       176          0          0          0          0        140   fadd.o
       110          0          0          0          0        168   fepilogue.o
        50          0          0          0          0         68   ffixi.o
        18          0          0          0          0         68   fflti.o
       100          0          0          0          0         76   fmul.o

    ----------------------------------------------------------------------
      5924        222        160          4          0       3712   Library Totals
         4          0          0          0          0          0   (incl. Padding)

    ----------------------------------------------------------------------

      Code (inc. data)   RO Data    RW Data    ZI Data      Debug   Library Name

      1240        114        160          0          0        720   m_ws.l
      2638        108          0          4          0       1104   mc_w.l
      2042          0          0          0          0       1888   mf_w.l

    ----------------------------------------------------------------------
      5924        222        160          4          0       3712   Library Totals

    ----------------------------------------------------------------------

==============================================================================


      Code (inc. data)   RO Data    RW Data    ZI Data      Debug   

     21020        730       5292         56       2112     436424   Grand Totals
     21020        730       5292         56       2112     436424   ELF Image Totals
     21020        730       5292         56          0          0   ROM Totals

==============================================================================

    Total RO  Size (Code + RO Data)                26312 (  25.70kB)
    Total RW  Size (RW Data + ZI Data)              2168 (   2.12kB)
    Total ROM Size (Code + RO Data + RW Data)      26368 (  25.75kB)

==============================================================================

